Archive member included because of file (symbol)

c:/winavr-20100110/bin/../lib/gcc/avr/4.3.3/avr5\libgcc.a(_exit.o)
                              c:/winavr-20100110/bin/../lib/gcc/avr/4.3.3/../../../../avr/lib/avr5/crtm32.o (exit)
c:/winavr-20100110/bin/../lib/gcc/avr/4.3.3/avr5\libgcc.a(_copy_data.o)
                              ./MCAL/gpio/gpio_prog.o (__do_copy_data)
c:/winavr-20100110/bin/../lib/gcc/avr/4.3.3/avr5\libgcc.a(_clear_bss.o)
                              ./ECUAL/keypad/kp_prog.o (__do_clear_bss)

Memory Configuration

Name             Origin             Length             Attributes
text             0x00000000         0x00020000         xr
data             0x00800060         0x0000ffa0         rw !x
eeprom           0x00810000         0x00010000         rw !x
fuse             0x00820000         0x00000400         rw !x
lock             0x00830000         0x00000400         rw !x
signature        0x00840000         0x00000400         rw !x
*default*        0x00000000         0xffffffff

Linker script and memory map

LOAD c:/winavr-20100110/bin/../lib/gcc/avr/4.3.3/../../../../avr/lib/avr5/crtm32.o
LOAD ./MCAL/gpio/gpio_prog.o
LOAD ./ECUAL/ssd/ssd_prog.o
LOAD ./ECUAL/keypad/kp_prog.o
LOAD ./APPLICATION/app.o
LOAD ./APPLICATION/app_cfg.o
LOAD ./main.o
LOAD c:/winavr-20100110/bin/../lib/gcc/avr/4.3.3/avr5\libgcc.a
LOAD c:/winavr-20100110/bin/../lib/gcc/avr/4.3.3/../../../../avr/lib/avr5\libc.a
LOAD c:/winavr-20100110/bin/../lib/gcc/avr/4.3.3/avr5\libgcc.a

.hash
 *(.hash)

.dynsym
 *(.dynsym)

.dynstr
 *(.dynstr)

.gnu.version
 *(.gnu.version)

.gnu.version_d
 *(.gnu.version_d)

.gnu.version_r
 *(.gnu.version_r)

.rel.init
 *(.rel.init)

.rela.init
 *(.rela.init)

.rel.text
 *(.rel.text)
 *(.rel.text.*)
 *(.rel.gnu.linkonce.t*)

.rela.text
 *(.rela.text)
 *(.rela.text.*)
 *(.rela.gnu.linkonce.t*)

.rel.fini
 *(.rel.fini)

.rela.fini
 *(.rela.fini)

.rel.rodata
 *(.rel.rodata)
 *(.rel.rodata.*)
 *(.rel.gnu.linkonce.r*)

.rela.rodata
 *(.rela.rodata)
 *(.rela.rodata.*)
 *(.rela.gnu.linkonce.r*)

.rel.data
 *(.rel.data)
 *(.rel.data.*)
 *(.rel.gnu.linkonce.d*)

.rela.data
 *(.rela.data)
 *(.rela.data.*)
 *(.rela.gnu.linkonce.d*)

.rel.ctors
 *(.rel.ctors)

.rela.ctors
 *(.rela.ctors)

.rel.dtors
 *(.rel.dtors)

.rela.dtors
 *(.rela.dtors)

.rel.got
 *(.rel.got)

.rela.got
 *(.rela.got)

.rel.bss
 *(.rel.bss)

.rela.bss
 *(.rela.bss)

.rel.plt
 *(.rel.plt)

.rela.plt
 *(.rela.plt)

.text           0x00000000     0x1852
 *(.vectors)
 .vectors       0x00000000       0x54 c:/winavr-20100110/bin/../lib/gcc/avr/4.3.3/../../../../avr/lib/avr5/crtm32.o
                0x00000000                __vectors
                0x00000000                __vector_default
 *(.vectors)
 *(.progmem.gcc*)
 *(.progmem*)
                0x00000054                . = ALIGN (0x2)
                0x00000054                __trampolines_start = .
 *(.trampolines)
 .trampolines   0x00000054        0x0 linker stubs
 *(.trampolines*)
                0x00000054                __trampolines_end = .
 *(.jumptables)
 *(.jumptables*)
 *(.lowtext)
 *(.lowtext*)
                0x00000054                __ctors_start = .
 *(.ctors)
                0x00000054                __ctors_end = .
                0x00000054                __dtors_start = .
 *(.dtors)
                0x00000054                __dtors_end = .
 SORT(*)(.ctors)
 SORT(*)(.dtors)
 *(.init0)
 .init0         0x00000054        0x0 c:/winavr-20100110/bin/../lib/gcc/avr/4.3.3/../../../../avr/lib/avr5/crtm32.o
                0x00000054                __init
 *(.init0)
 *(.init1)
 *(.init1)
 *(.init2)
 .init2         0x00000054        0xc c:/winavr-20100110/bin/../lib/gcc/avr/4.3.3/../../../../avr/lib/avr5/crtm32.o
 *(.init2)
 *(.init3)
 *(.init3)
 *(.init4)
 .init4         0x00000060       0x16 c:/winavr-20100110/bin/../lib/gcc/avr/4.3.3/avr5\libgcc.a(_copy_data.o)
                0x00000060                __do_copy_data
 .init4         0x00000076       0x10 c:/winavr-20100110/bin/../lib/gcc/avr/4.3.3/avr5\libgcc.a(_clear_bss.o)
                0x00000076                __do_clear_bss
 *(.init4)
 *(.init5)
 *(.init5)
 *(.init6)
 *(.init6)
 *(.init7)
 *(.init7)
 *(.init8)
 *(.init8)
 *(.init9)
 .init9         0x00000086        0x8 c:/winavr-20100110/bin/../lib/gcc/avr/4.3.3/../../../../avr/lib/avr5/crtm32.o
 *(.init9)
 *(.text)
 .text          0x0000008e        0x4 c:/winavr-20100110/bin/../lib/gcc/avr/4.3.3/../../../../avr/lib/avr5/crtm32.o
                0x0000008e                __vector_1
                0x0000008e                __vector_12
                0x0000008e                __bad_interrupt
                0x0000008e                __vector_6
                0x0000008e                __vector_3
                0x0000008e                __vector_11
                0x0000008e                __vector_13
                0x0000008e                __vector_17
                0x0000008e                __vector_19
                0x0000008e                __vector_7
                0x0000008e                __vector_5
                0x0000008e                __vector_4
                0x0000008e                __vector_9
                0x0000008e                __vector_2
                0x0000008e                __vector_15
                0x0000008e                __vector_8
                0x0000008e                __vector_14
                0x0000008e                __vector_10
                0x0000008e                __vector_16
                0x0000008e                __vector_18
                0x0000008e                __vector_20
 .text          0x00000092        0x0 ./MCAL/gpio/gpio_prog.o
 .text          0x00000092        0x0 ./ECUAL/ssd/ssd_prog.o
 .text          0x00000092        0x0 ./ECUAL/keypad/kp_prog.o
 .text          0x00000092        0x0 ./APPLICATION/app.o
 .text          0x00000092        0x0 ./APPLICATION/app_cfg.o
 .text          0x00000092        0x0 ./main.o
 .text          0x00000092        0x0 c:/winavr-20100110/bin/../lib/gcc/avr/4.3.3/avr5\libgcc.a(_exit.o)
 .text          0x00000092        0x0 c:/winavr-20100110/bin/../lib/gcc/avr/4.3.3/avr5\libgcc.a(_copy_data.o)
 .text          0x00000092        0x0 c:/winavr-20100110/bin/../lib/gcc/avr/4.3.3/avr5\libgcc.a(_clear_bss.o)
                0x00000092                . = ALIGN (0x2)
 *(.text.*)
 .text.GPIO_initPin
                0x00000092       0x5a ./MCAL/gpio/gpio_prog.o
                0x00000092                GPIO_initPin
 .text.GPIO_changePinDir
                0x000000ec      0x10a ./MCAL/gpio/gpio_prog.o
                0x000000ec                GPIO_changePinDir
 .text.GPIO_writePinLogic
                0x000001f6      0x10a ./MCAL/gpio/gpio_prog.o
                0x000001f6                GPIO_writePinLogic
 .text.GPIO_readPinLogic
                0x00000300       0x7c ./MCAL/gpio/gpio_prog.o
                0x00000300                GPIO_readPinLogic
 .text.GPIO_togglePinLogic
                0x0000037c       0x86 ./MCAL/gpio/gpio_prog.o
                0x0000037c                GPIO_togglePinLogic
 .text.GPIO_initPort
                0x00000402       0xde ./MCAL/gpio/gpio_prog.o
                0x00000402                GPIO_initPort
 .text.GPIO_changePortDir
                0x000004e0       0x7e ./MCAL/gpio/gpio_prog.o
                0x000004e0                GPIO_changePortDir
 .text.GPIO_writePortLogic
                0x0000055e       0x7e ./MCAL/gpio/gpio_prog.o
                0x0000055e                GPIO_writePortLogic
 .text.GPIO_readPortLogic
                0x000005dc       0x46 ./MCAL/gpio/gpio_prog.o
                0x000005dc                GPIO_readPortLogic
 .text.GPIO_togglePortLogic
                0x00000622       0x66 ./MCAL/gpio/gpio_prog.o
                0x00000622                GPIO_togglePortLogic
 .text.SSD_int  0x00000688      0x3f6 ./ECUAL/ssd/ssd_prog.o
                0x00000688                SSD_int
 .text.SSD_setNumberOnSsd
                0x00000a7e      0x46e ./ECUAL/ssd/ssd_prog.o
                0x00000a7e                SSD_setNumberOnSsd
 .text.SSD_enableDot
                0x00000eec       0xb6 ./ECUAL/ssd/ssd_prog.o
                0x00000eec                SSD_enableDot
 .text.SSD_disableDot
                0x00000fa2       0xb6 ./ECUAL/ssd/ssd_prog.o
                0x00000fa2                SSD_disableDot
 .text.SSD_dualInit
                0x00001058      0x174 ./ECUAL/ssd/ssd_prog.o
                0x00001058                SSD_dualInit
 .text.SSD_dualSetCurrentSegmentComPin
                0x000011cc      0x22e ./ECUAL/ssd/ssd_prog.o
                0x000011cc                SSD_dualSetCurrentSegmentComPin
 .text.SSD_dualSwitchSegment
                0x000013fa       0x3e ./ECUAL/ssd/ssd_prog.o
                0x000013fa                SSD_dualSwitchSegment
 .text.SSD_dualSetNumberOnSsd
                0x00001438      0x13e ./ECUAL/ssd/ssd_prog.o
                0x00001438                SSD_dualSetNumberOnSsd
 .text.EKP_init
                0x00001576      0x152 ./ECUAL/keypad/kp_prog.o
                0x00001576                EKP_init
 .text.EKP_scanningForPressedBtn
                0x000016c8      0x114 ./ECUAL/keypad/kp_prog.o
                0x000016c8                EKP_scanningForPressedBtn
 .text.appInit  0x000017dc       0x1e ./APPLICATION/app.o
                0x000017dc                appInit
 .text.appMain  0x000017fa       0x3e ./APPLICATION/app.o
                0x000017fa                appMain
 .text.main     0x00001838       0x16 ./main.o
                0x00001838                main
 .text.libgcc   0x0000184e        0x0 c:/winavr-20100110/bin/../lib/gcc/avr/4.3.3/avr5\libgcc.a(_exit.o)
 .text.libgcc   0x0000184e        0x0 c:/winavr-20100110/bin/../lib/gcc/avr/4.3.3/avr5\libgcc.a(_copy_data.o)
 .text.libgcc   0x0000184e        0x0 c:/winavr-20100110/bin/../lib/gcc/avr/4.3.3/avr5\libgcc.a(_clear_bss.o)
                0x0000184e                . = ALIGN (0x2)
 *(.fini9)
 .fini9         0x0000184e        0x0 c:/winavr-20100110/bin/../lib/gcc/avr/4.3.3/avr5\libgcc.a(_exit.o)
                0x0000184e                exit
                0x0000184e                _exit
 *(.fini9)
 *(.fini8)
 *(.fini8)
 *(.fini7)
 *(.fini7)
 *(.fini6)
 *(.fini6)
 *(.fini5)
 *(.fini5)
 *(.fini4)
 *(.fini4)
 *(.fini3)
 *(.fini3)
 *(.fini2)
 *(.fini2)
 *(.fini1)
 *(.fini1)
 *(.fini0)
 .fini0         0x0000184e        0x4 c:/winavr-20100110/bin/../lib/gcc/avr/4.3.3/avr5\libgcc.a(_exit.o)
 *(.fini0)
                0x00001852                _etext = .

.data           0x00800060       0xd8 load address 0x00001852
                0x00800060                PROVIDE (__data_start, .)
 *(.data)
 .data          0x00800060        0x0 c:/winavr-20100110/bin/../lib/gcc/avr/4.3.3/../../../../avr/lib/avr5/crtm32.o
 .data          0x00800060        0x0 ./MCAL/gpio/gpio_prog.o
 .data          0x00800060        0x0 ./ECUAL/ssd/ssd_prog.o
 .data          0x00800060        0x0 ./ECUAL/keypad/kp_prog.o
 .data          0x00800060        0x0 ./APPLICATION/app.o
 .data          0x00800060        0x0 ./APPLICATION/app_cfg.o
 .data          0x00800060        0x0 ./main.o
 .data          0x00800060        0x0 c:/winavr-20100110/bin/../lib/gcc/avr/4.3.3/avr5\libgcc.a(_exit.o)
 .data          0x00800060        0x0 c:/winavr-20100110/bin/../lib/gcc/avr/4.3.3/avr5\libgcc.a(_copy_data.o)
 .data          0x00800060        0x0 c:/winavr-20100110/bin/../lib/gcc/avr/4.3.3/avr5\libgcc.a(_clear_bss.o)
 *(.data*)
 .data.ddr_registers
                0x00800060        0x8 ./MCAL/gpio/gpio_prog.o
 .data.port_registers
                0x00800068        0x8 ./MCAL/gpio/gpio_prog.o
 .data.pin_registers
                0x00800070        0x8 ./MCAL/gpio/gpio_prog.o
 .data.arrOfNumbersForCathodeCom
                0x00800078       0x46 ./ECUAL/ssd/ssd_prog.o
 .data.arrOfNumbersForAnodeCom
                0x008000be       0x46 ./ECUAL/ssd/ssd_prog.o
 .data.KEYPAD_arrBtnVal
                0x00800104       0x10 ./ECUAL/keypad/kp_prog.o
 .data.ssdOne   0x00800114       0x13 ./APPLICATION/app_cfg.o
                0x00800114                ssdOne
 .data.kp       0x00800127       0x10 ./APPLICATION/app_cfg.o
                0x00800127                kp
 *(.rodata)
 *(.rodata*)
 *(.gnu.linkonce.d*)
                0x00800138                . = ALIGN (0x2)
 *fill*         0x00800137        0x1 00
                0x00800138                _edata = .
                0x00800138                PROVIDE (__data_end, .)

.bss            0x00800138       0x20
                0x00800138                PROVIDE (__bss_start, .)
 *(.bss)
 .bss           0x00800138        0x0 c:/winavr-20100110/bin/../lib/gcc/avr/4.3.3/../../../../avr/lib/avr5/crtm32.o
 .bss           0x00800138        0x0 ./MCAL/gpio/gpio_prog.o
 .bss           0x00800138        0x0 ./ECUAL/ssd/ssd_prog.o
 .bss           0x00800138        0x0 ./ECUAL/keypad/kp_prog.o
 .bss           0x00800138        0x0 ./APPLICATION/app.o
 .bss           0x00800138        0x0 ./APPLICATION/app_cfg.o
 .bss           0x00800138        0x0 ./main.o
 .bss           0x00800138        0x0 c:/winavr-20100110/bin/../lib/gcc/avr/4.3.3/avr5\libgcc.a(_exit.o)
 .bss           0x00800138        0x0 c:/winavr-20100110/bin/../lib/gcc/avr/4.3.3/avr5\libgcc.a(_copy_data.o)
 .bss           0x00800138        0x0 c:/winavr-20100110/bin/../lib/gcc/avr/4.3.3/avr5\libgcc.a(_clear_bss.o)
 *(.bss*)
 .bss.arrOfRows
                0x00800138       0x10 ./ECUAL/keypad/kp_prog.o
 .bss.arrOfColumns
                0x00800148       0x10 ./ECUAL/keypad/kp_prog.o
 *(COMMON)
                0x00800158                PROVIDE (__bss_end, .)
                0x00001852                __data_load_start = LOADADDR (.data)
                0x0000192a                __data_load_end = (__data_load_start + SIZEOF (.data))

.noinit         0x00800158        0x0
                0x00800158                PROVIDE (__noinit_start, .)
 *(.noinit*)
                0x00800158                PROVIDE (__noinit_end, .)
                0x00800158                _end = .
                0x00800158                PROVIDE (__heap_start, .)

.eeprom         0x00810000        0x0
 *(.eeprom*)
                0x00810000                __eeprom_end = .

.fuse
 *(.fuse)
 *(.lfuse)
 *(.hfuse)
 *(.efuse)

.lock
 *(.lock*)

.signature
 *(.signature*)

.stab           0x00000000     0x2d78
 *(.stab)
 .stab          0x00000000      0x9a8 ./MCAL/gpio/gpio_prog.o
 .stab          0x000009a8     0x1614 ./ECUAL/ssd/ssd_prog.o
                               0x1620 (size before relaxing)
 .stab          0x00001fbc      0x69c ./ECUAL/keypad/kp_prog.o
                                0x6a8 (size before relaxing)
 .stab          0x00002658      0x45c ./APPLICATION/app.o
                                0x468 (size before relaxing)
 .stab          0x00002ab4      0x150 ./APPLICATION/app_cfg.o
                                0x3b4 (size before relaxing)
 .stab          0x00002c04      0x174 ./main.o
                                0x3d8 (size before relaxing)

.stabstr        0x00000000     0x24e2
 *(.stabstr)
 .stabstr       0x00000000     0x24e2 ./MCAL/gpio/gpio_prog.o

.stab.excl
 *(.stab.excl)

.stab.exclstr
 *(.stab.exclstr)

.stab.index
 *(.stab.index)

.stab.indexstr
 *(.stab.indexstr)

.comment
 *(.comment)

.debug
 *(.debug)

.line
 *(.line)

.debug_srcinfo
 *(.debug_srcinfo)

.debug_sfnames
 *(.debug_sfnames)

.debug_aranges
 *(.debug_aranges)

.debug_pubnames
 *(.debug_pubnames)

.debug_info
 *(.debug_info)
 *(.gnu.linkonce.wi.*)

.debug_abbrev
 *(.debug_abbrev)

.debug_line
 *(.debug_line)

.debug_frame
 *(.debug_frame)

.debug_str
 *(.debug_str)

.debug_loc
 *(.debug_loc)

.debug_macinfo
 *(.debug_macinfo)
OUTPUT(15_KP_Interfacing_With_SSD.elf elf32-avr)
LOAD linker stubs
