Archive member included because of file (symbol)

c:/winavr-20100110/bin/../lib/gcc/avr/4.3.3/avr5\libgcc.a(_exit.o)
                              c:/winavr-20100110/bin/../lib/gcc/avr/4.3.3/../../../../avr/lib/avr5/crtm32.o (exit)
c:/winavr-20100110/bin/../lib/gcc/avr/4.3.3/avr5\libgcc.a(_copy_data.o)
                              ./MCAL/gpio/gpio_prog.o (__do_copy_data)

Memory Configuration

Name             Origin             Length             Attributes
text             0x00000000         0x00020000         xr
data             0x00800060         0x0000ffa0         rw !x
eeprom           0x00810000         0x00010000         rw !x
fuse             0x00820000         0x00000400         rw !x
lock             0x00830000         0x00000400         rw !x
signature        0x00840000         0x00000400         rw !x
*default*        0x00000000         0xffffffff

Linker script and memory map

LOAD c:/winavr-20100110/bin/../lib/gcc/avr/4.3.3/../../../../avr/lib/avr5/crtm32.o
LOAD ./MCAL/gpio/gpio_prog.o
LOAD ./ECUAL/led/led_prog.o
LOAD ./ECUAL/dip/dip_prog.o
LOAD ./APPLICATION/app.o
LOAD ./main.o
LOAD c:/winavr-20100110/bin/../lib/gcc/avr/4.3.3/avr5\libgcc.a
LOAD c:/winavr-20100110/bin/../lib/gcc/avr/4.3.3/../../../../avr/lib/avr5\libc.a
LOAD c:/winavr-20100110/bin/../lib/gcc/avr/4.3.3/avr5\libgcc.a

.hash
 *(.hash)

.dynsym
 *(.dynsym)

.dynstr
 *(.dynstr)

.gnu.version
 *(.gnu.version)

.gnu.version_d
 *(.gnu.version_d)

.gnu.version_r
 *(.gnu.version_r)

.rel.init
 *(.rel.init)

.rela.init
 *(.rela.init)

.rel.text
 *(.rel.text)
 *(.rel.text.*)
 *(.rel.gnu.linkonce.t*)

.rela.text
 *(.rela.text)
 *(.rela.text.*)
 *(.rela.gnu.linkonce.t*)

.rel.fini
 *(.rel.fini)

.rela.fini
 *(.rela.fini)

.rel.rodata
 *(.rel.rodata)
 *(.rel.rodata.*)
 *(.rel.gnu.linkonce.r*)

.rela.rodata
 *(.rela.rodata)
 *(.rela.rodata.*)
 *(.rela.gnu.linkonce.r*)

.rel.data
 *(.rel.data)
 *(.rel.data.*)
 *(.rel.gnu.linkonce.d*)

.rela.data
 *(.rela.data)
 *(.rela.data.*)
 *(.rela.gnu.linkonce.d*)

.rel.ctors
 *(.rel.ctors)

.rela.ctors
 *(.rela.ctors)

.rel.dtors
 *(.rel.dtors)

.rela.dtors
 *(.rela.dtors)

.rel.got
 *(.rel.got)

.rela.got
 *(.rela.got)

.rel.bss
 *(.rel.bss)

.rela.bss
 *(.rela.bss)

.rel.plt
 *(.rel.plt)

.rela.plt
 *(.rela.plt)

.text           0x00000000      0x9dc
 *(.vectors)
 .vectors       0x00000000       0x54 c:/winavr-20100110/bin/../lib/gcc/avr/4.3.3/../../../../avr/lib/avr5/crtm32.o
                0x00000000                __vectors
                0x00000000                __vector_default
 *(.vectors)
 *(.progmem.gcc*)
 *(.progmem*)
                0x00000054                . = ALIGN (0x2)
                0x00000054                __trampolines_start = .
 *(.trampolines)
 .trampolines   0x00000054        0x0 linker stubs
 *(.trampolines*)
                0x00000054                __trampolines_end = .
 *(.jumptables)
 *(.jumptables*)
 *(.lowtext)
 *(.lowtext*)
                0x00000054                __ctors_start = .
 *(.ctors)
                0x00000054                __ctors_end = .
                0x00000054                __dtors_start = .
 *(.dtors)
                0x00000054                __dtors_end = .
 SORT(*)(.ctors)
 SORT(*)(.dtors)
 *(.init0)
 .init0         0x00000054        0x0 c:/winavr-20100110/bin/../lib/gcc/avr/4.3.3/../../../../avr/lib/avr5/crtm32.o
                0x00000054                __init
 *(.init0)
 *(.init1)
 *(.init1)
 *(.init2)
 .init2         0x00000054        0xc c:/winavr-20100110/bin/../lib/gcc/avr/4.3.3/../../../../avr/lib/avr5/crtm32.o
 *(.init2)
 *(.init3)
 *(.init3)
 *(.init4)
 .init4         0x00000060       0x16 c:/winavr-20100110/bin/../lib/gcc/avr/4.3.3/avr5\libgcc.a(_copy_data.o)
                0x00000060                __do_copy_data
 *(.init4)
 *(.init5)
 *(.init5)
 *(.init6)
 *(.init6)
 *(.init7)
 *(.init7)
 *(.init8)
 *(.init8)
 *(.init9)
 .init9         0x00000076        0x8 c:/winavr-20100110/bin/../lib/gcc/avr/4.3.3/../../../../avr/lib/avr5/crtm32.o
 *(.init9)
 *(.text)
 .text          0x0000007e        0x4 c:/winavr-20100110/bin/../lib/gcc/avr/4.3.3/../../../../avr/lib/avr5/crtm32.o
                0x0000007e                __vector_1
                0x0000007e                __vector_12
                0x0000007e                __bad_interrupt
                0x0000007e                __vector_6
                0x0000007e                __vector_3
                0x0000007e                __vector_11
                0x0000007e                __vector_13
                0x0000007e                __vector_17
                0x0000007e                __vector_19
                0x0000007e                __vector_7
                0x0000007e                __vector_5
                0x0000007e                __vector_4
                0x0000007e                __vector_9
                0x0000007e                __vector_2
                0x0000007e                __vector_15
                0x0000007e                __vector_8
                0x0000007e                __vector_14
                0x0000007e                __vector_10
                0x0000007e                __vector_16
                0x0000007e                __vector_18
                0x0000007e                __vector_20
 .text          0x00000082        0x0 ./MCAL/gpio/gpio_prog.o
 .text          0x00000082        0x0 ./ECUAL/led/led_prog.o
 .text          0x00000082        0x0 ./ECUAL/dip/dip_prog.o
 .text          0x00000082        0x0 ./APPLICATION/app.o
 .text          0x00000082        0x0 ./main.o
 .text          0x00000082        0x0 c:/winavr-20100110/bin/../lib/gcc/avr/4.3.3/avr5\libgcc.a(_exit.o)
 .text          0x00000082        0x0 c:/winavr-20100110/bin/../lib/gcc/avr/4.3.3/avr5\libgcc.a(_copy_data.o)
                0x00000082                . = ALIGN (0x2)
 *(.text.*)
 .text.GPIO_initPin
                0x00000082       0x5a ./MCAL/gpio/gpio_prog.o
                0x00000082                GPIO_initPin
 .text.GPIO_changePinDir
                0x000000dc      0x10a ./MCAL/gpio/gpio_prog.o
                0x000000dc                GPIO_changePinDir
 .text.GPIO_writePinLogic
                0x000001e6      0x10a ./MCAL/gpio/gpio_prog.o
                0x000001e6                GPIO_writePinLogic
 .text.GPIO_readPinLogic
                0x000002f0       0x7c ./MCAL/gpio/gpio_prog.o
                0x000002f0                GPIO_readPinLogic
 .text.GPIO_togglePinLogic
                0x0000036c       0x86 ./MCAL/gpio/gpio_prog.o
                0x0000036c                GPIO_togglePinLogic
 .text.GPIO_initPort
                0x000003f2       0xde ./MCAL/gpio/gpio_prog.o
                0x000003f2                GPIO_initPort
 .text.GPIO_changePortDir
                0x000004d0       0x7e ./MCAL/gpio/gpio_prog.o
                0x000004d0                GPIO_changePortDir
 .text.GPIO_writePortLogic
                0x0000054e       0x7e ./MCAL/gpio/gpio_prog.o
                0x0000054e                GPIO_writePortLogic
 .text.GPIO_readPortLogic
                0x000005cc       0x46 ./MCAL/gpio/gpio_prog.o
                0x000005cc                GPIO_readPortLogic
 .text.GPIO_togglePortLogic
                0x00000612       0x66 ./MCAL/gpio/gpio_prog.o
                0x00000612                GPIO_togglePortLogic
 .text.LED_init
                0x00000678       0x76 ./ECUAL/led/led_prog.o
                0x00000678                LED_init
 .text.LED_turnOn
                0x000006ee       0x78 ./ECUAL/led/led_prog.o
                0x000006ee                LED_turnOn
 .text.LED_turnOff
                0x00000766       0x78 ./ECUAL/led/led_prog.o
                0x00000766                LED_turnOff
 .text.LED_toggle
                0x000007de       0x76 ./ECUAL/led/led_prog.o
                0x000007de                LED_toggle
 .text.EDIP_init
                0x00000854       0x70 ./ECUAL/dip/dip_prog.o
                0x00000854                EDIP_init
 .text.EDIP_readStates
                0x000008c4       0xa2 ./ECUAL/dip/dip_prog.o
                0x000008c4                EDIP_readStates
 .text.appInit  0x00000966       0x1e ./APPLICATION/app.o
                0x00000966                appInit
 .text.appMain  0x00000984       0x42 ./APPLICATION/app.o
                0x00000984                appMain
 .text.main     0x000009c6       0x12 ./main.o
                0x000009c6                main
 .text.libgcc   0x000009d8        0x0 c:/winavr-20100110/bin/../lib/gcc/avr/4.3.3/avr5\libgcc.a(_exit.o)
 .text.libgcc   0x000009d8        0x0 c:/winavr-20100110/bin/../lib/gcc/avr/4.3.3/avr5\libgcc.a(_copy_data.o)
                0x000009d8                . = ALIGN (0x2)
 *(.fini9)
 .fini9         0x000009d8        0x0 c:/winavr-20100110/bin/../lib/gcc/avr/4.3.3/avr5\libgcc.a(_exit.o)
                0x000009d8                exit
                0x000009d8                _exit
 *(.fini9)
 *(.fini8)
 *(.fini8)
 *(.fini7)
 *(.fini7)
 *(.fini6)
 *(.fini6)
 *(.fini5)
 *(.fini5)
 *(.fini4)
 *(.fini4)
 *(.fini3)
 *(.fini3)
 *(.fini2)
 *(.fini2)
 *(.fini1)
 *(.fini1)
 *(.fini0)
 .fini0         0x000009d8        0x4 c:/winavr-20100110/bin/../lib/gcc/avr/4.3.3/avr5\libgcc.a(_exit.o)
 *(.fini0)
                0x000009dc                _etext = .

.data           0x00800060       0x1e load address 0x000009dc
                0x00800060                PROVIDE (__data_start, .)
 *(.data)
 .data          0x00800060        0x0 c:/winavr-20100110/bin/../lib/gcc/avr/4.3.3/../../../../avr/lib/avr5/crtm32.o
 .data          0x00800060        0x0 ./MCAL/gpio/gpio_prog.o
 .data          0x00800060        0x0 ./ECUAL/led/led_prog.o
 .data          0x00800060        0x0 ./ECUAL/dip/dip_prog.o
 .data          0x00800060        0x0 ./APPLICATION/app.o
 .data          0x00800060        0x0 ./main.o
 .data          0x00800060        0x0 c:/winavr-20100110/bin/../lib/gcc/avr/4.3.3/avr5\libgcc.a(_exit.o)
 .data          0x00800060        0x0 c:/winavr-20100110/bin/../lib/gcc/avr/4.3.3/avr5\libgcc.a(_copy_data.o)
 *(.data*)
 .data.ddr_registers
                0x00800060        0x8 ./MCAL/gpio/gpio_prog.o
 .data.port_registers
                0x00800068        0x8 ./MCAL/gpio/gpio_prog.o
 .data.pin_registers
                0x00800070        0x8 ./MCAL/gpio/gpio_prog.o
 .data.led      0x00800078        0x3 ./APPLICATION/app.o
                0x00800078                led
 .data.dip      0x0080007b        0x2 ./APPLICATION/app.o
                0x0080007b                dip
 *(.rodata)
 *(.rodata*)
 *(.gnu.linkonce.d*)
                0x0080007e                . = ALIGN (0x2)
 *fill*         0x0080007d        0x1 00
                0x0080007e                _edata = .
                0x0080007e                PROVIDE (__data_end, .)

.bss            0x0080007e        0x0
                0x0080007e                PROVIDE (__bss_start, .)
 *(.bss)
 .bss           0x0080007e        0x0 c:/winavr-20100110/bin/../lib/gcc/avr/4.3.3/../../../../avr/lib/avr5/crtm32.o
 .bss           0x0080007e        0x0 ./MCAL/gpio/gpio_prog.o
 .bss           0x0080007e        0x0 ./ECUAL/led/led_prog.o
 .bss           0x0080007e        0x0 ./ECUAL/dip/dip_prog.o
 .bss           0x0080007e        0x0 ./APPLICATION/app.o
 .bss           0x0080007e        0x0 ./main.o
 .bss           0x0080007e        0x0 c:/winavr-20100110/bin/../lib/gcc/avr/4.3.3/avr5\libgcc.a(_exit.o)
 .bss           0x0080007e        0x0 c:/winavr-20100110/bin/../lib/gcc/avr/4.3.3/avr5\libgcc.a(_copy_data.o)
 *(.bss*)
 *(COMMON)
                0x0080007e                PROVIDE (__bss_end, .)
                0x000009dc                __data_load_start = LOADADDR (.data)
                0x000009fa                __data_load_end = (__data_load_start + SIZEOF (.data))

.noinit         0x0080007e        0x0
                0x0080007e                PROVIDE (__noinit_start, .)
 *(.noinit*)
                0x0080007e                PROVIDE (__noinit_end, .)
                0x0080007e                _end = .
                0x0080007e                PROVIDE (__heap_start, .)

.eeprom         0x00810000        0x0
 *(.eeprom*)
                0x00810000                __eeprom_end = .

.fuse
 *(.fuse)
 *(.lfuse)
 *(.hfuse)
 *(.efuse)

.lock
 *(.lock*)

.signature
 *(.signature*)

.stab           0x00000000     0x1b48
 *(.stab)
 .stab          0x00000000      0x99c ./MCAL/gpio/gpio_prog.o
 .stab          0x0000099c      0x6cc ./ECUAL/led/led_prog.o
                                0x6d8 (size before relaxing)
 .stab          0x00001068      0x534 ./ECUAL/dip/dip_prog.o
                                0x540 (size before relaxing)
 .stab          0x0000159c      0x444 ./APPLICATION/app.o
                                0x450 (size before relaxing)
 .stab          0x000019e0      0x168 ./main.o
                                0x39c (size before relaxing)

.stabstr        0x00000000     0x1d5a
 *(.stabstr)
 .stabstr       0x00000000     0x1d5a ./MCAL/gpio/gpio_prog.o

.stab.excl
 *(.stab.excl)

.stab.exclstr
 *(.stab.exclstr)

.stab.index
 *(.stab.index)

.stab.indexstr
 *(.stab.indexstr)

.comment
 *(.comment)

.debug
 *(.debug)

.line
 *(.line)

.debug_srcinfo
 *(.debug_srcinfo)

.debug_sfnames
 *(.debug_sfnames)

.debug_aranges
 *(.debug_aranges)

.debug_pubnames
 *(.debug_pubnames)

.debug_info
 *(.debug_info)
 *(.gnu.linkonce.wi.*)

.debug_abbrev
 *(.debug_abbrev)

.debug_line
 *(.debug_line)

.debug_frame
 *(.debug_frame)

.debug_str
 *(.debug_str)

.debug_loc
 *(.debug_loc)

.debug_macinfo
 *(.debug_macinfo)
OUTPUT(06_Lec_1_Lab_6.elf elf32-avr)
LOAD linker stubs
