Archive member included to satisfy reference by file (symbol)

C:/ST/STM32CubeIDE_1.11.0/STM32CubeIDE/plugins/com.st.stm32cube.ide.mcu.externaltools.gnu-tools-for-stm32.11.3.rel1.win32_1.1.1.202309131626/tools/bin/../lib/gcc/arm-none-eabi/11.3.1/../../../../arm-none-eabi/lib/thumb/v7e-m+fp/hard\libc_nano.a(libc_a-exit.o)
                              C:/ST/STM32CubeIDE_1.11.0/STM32CubeIDE/plugins/com.st.stm32cube.ide.mcu.externaltools.gnu-tools-for-stm32.11.3.rel1.win32_1.1.1.202309131626/tools/bin/../lib/gcc/arm-none-eabi/11.3.1/../../../../arm-none-eabi/lib/thumb/v7e-m+fp/hard/crt0.o (exit)
C:/ST/STM32CubeIDE_1.11.0/STM32CubeIDE/plugins/com.st.stm32cube.ide.mcu.externaltools.gnu-tools-for-stm32.11.3.rel1.win32_1.1.1.202309131626/tools/bin/../lib/gcc/arm-none-eabi/11.3.1/../../../../arm-none-eabi/lib/thumb/v7e-m+fp/hard\libc_nano.a(libc_a-findfp.o)
                              C:/ST/STM32CubeIDE_1.11.0/STM32CubeIDE/plugins/com.st.stm32cube.ide.mcu.externaltools.gnu-tools-for-stm32.11.3.rel1.win32_1.1.1.202309131626/tools/bin/../lib/gcc/arm-none-eabi/11.3.1/../../../../arm-none-eabi/lib/thumb/v7e-m+fp/hard\libc_nano.a(libc_a-exit.o) (__stdio_exit_handler)
C:/ST/STM32CubeIDE_1.11.0/STM32CubeIDE/plugins/com.st.stm32cube.ide.mcu.externaltools.gnu-tools-for-stm32.11.3.rel1.win32_1.1.1.202309131626/tools/bin/../lib/gcc/arm-none-eabi/11.3.1/../../../../arm-none-eabi/lib/thumb/v7e-m+fp/hard\libc_nano.a(libc_a-fwalk.o)
                              C:/ST/STM32CubeIDE_1.11.0/STM32CubeIDE/plugins/com.st.stm32cube.ide.mcu.externaltools.gnu-tools-for-stm32.11.3.rel1.win32_1.1.1.202309131626/tools/bin/../lib/gcc/arm-none-eabi/11.3.1/../../../../arm-none-eabi/lib/thumb/v7e-m+fp/hard\libc_nano.a(libc_a-findfp.o) (_fwalk_sglue)
C:/ST/STM32CubeIDE_1.11.0/STM32CubeIDE/plugins/com.st.stm32cube.ide.mcu.externaltools.gnu-tools-for-stm32.11.3.rel1.win32_1.1.1.202309131626/tools/bin/../lib/gcc/arm-none-eabi/11.3.1/../../../../arm-none-eabi/lib/thumb/v7e-m+fp/hard\libc_nano.a(libc_a-stdio.o)
                              C:/ST/STM32CubeIDE_1.11.0/STM32CubeIDE/plugins/com.st.stm32cube.ide.mcu.externaltools.gnu-tools-for-stm32.11.3.rel1.win32_1.1.1.202309131626/tools/bin/../lib/gcc/arm-none-eabi/11.3.1/../../../../arm-none-eabi/lib/thumb/v7e-m+fp/hard\libc_nano.a(libc_a-findfp.o) (__sread)
C:/ST/STM32CubeIDE_1.11.0/STM32CubeIDE/plugins/com.st.stm32cube.ide.mcu.externaltools.gnu-tools-for-stm32.11.3.rel1.win32_1.1.1.202309131626/tools/bin/../lib/gcc/arm-none-eabi/11.3.1/../../../../arm-none-eabi/lib/thumb/v7e-m+fp/hard\libc_nano.a(libc_a-memset.o)
                              C:/ST/STM32CubeIDE_1.11.0/STM32CubeIDE/plugins/com.st.stm32cube.ide.mcu.externaltools.gnu-tools-for-stm32.11.3.rel1.win32_1.1.1.202309131626/tools/bin/../lib/gcc/arm-none-eabi/11.3.1/../../../../arm-none-eabi/lib/thumb/v7e-m+fp/hard/crt0.o (memset)
C:/ST/STM32CubeIDE_1.11.0/STM32CubeIDE/plugins/com.st.stm32cube.ide.mcu.externaltools.gnu-tools-for-stm32.11.3.rel1.win32_1.1.1.202309131626/tools/bin/../lib/gcc/arm-none-eabi/11.3.1/../../../../arm-none-eabi/lib/thumb/v7e-m+fp/hard\libc_nano.a(libc_a-closer.o)
                              C:/ST/STM32CubeIDE_1.11.0/STM32CubeIDE/plugins/com.st.stm32cube.ide.mcu.externaltools.gnu-tools-for-stm32.11.3.rel1.win32_1.1.1.202309131626/tools/bin/../lib/gcc/arm-none-eabi/11.3.1/../../../../arm-none-eabi/lib/thumb/v7e-m+fp/hard\libc_nano.a(libc_a-stdio.o) (_close_r)
C:/ST/STM32CubeIDE_1.11.0/STM32CubeIDE/plugins/com.st.stm32cube.ide.mcu.externaltools.gnu-tools-for-stm32.11.3.rel1.win32_1.1.1.202309131626/tools/bin/../lib/gcc/arm-none-eabi/11.3.1/../../../../arm-none-eabi/lib/thumb/v7e-m+fp/hard\libc_nano.a(libc_a-reent.o)
                              C:/ST/STM32CubeIDE_1.11.0/STM32CubeIDE/plugins/com.st.stm32cube.ide.mcu.externaltools.gnu-tools-for-stm32.11.3.rel1.win32_1.1.1.202309131626/tools/bin/../lib/gcc/arm-none-eabi/11.3.1/../../../../arm-none-eabi/lib/thumb/v7e-m+fp/hard\libc_nano.a(libc_a-closer.o) (errno)
C:/ST/STM32CubeIDE_1.11.0/STM32CubeIDE/plugins/com.st.stm32cube.ide.mcu.externaltools.gnu-tools-for-stm32.11.3.rel1.win32_1.1.1.202309131626/tools/bin/../lib/gcc/arm-none-eabi/11.3.1/../../../../arm-none-eabi/lib/thumb/v7e-m+fp/hard\libc_nano.a(libc_a-impure.o)
                              C:/ST/STM32CubeIDE_1.11.0/STM32CubeIDE/plugins/com.st.stm32cube.ide.mcu.externaltools.gnu-tools-for-stm32.11.3.rel1.win32_1.1.1.202309131626/tools/bin/../lib/gcc/arm-none-eabi/11.3.1/../../../../arm-none-eabi/lib/thumb/v7e-m+fp/hard\libc_nano.a(libc_a-reent.o) (_impure_ptr)
C:/ST/STM32CubeIDE_1.11.0/STM32CubeIDE/plugins/com.st.stm32cube.ide.mcu.externaltools.gnu-tools-for-stm32.11.3.rel1.win32_1.1.1.202309131626/tools/bin/../lib/gcc/arm-none-eabi/11.3.1/../../../../arm-none-eabi/lib/thumb/v7e-m+fp/hard\libc_nano.a(libc_a-lseekr.o)
[...]
Memory Configuration

Name             Origin             Length             Attributes
RAM              0x0000000020000000 0x0000000000010000 xrw
FLASH            0x0000000008000000 0x0000000000040000 xr
*default*        0x0000000000000000 0xffffffffffffffff

Linker script and memory map

LOAD C:/ST/STM32CubeIDE_1.11.0/STM32CubeIDE/plugins/com.st.stm32cube.ide.mcu.externaltools.gnu-tools-for-stm32.11.3.rel1.win32_1.1.1.202309131626/tools/bin/../lib/gcc/arm-none-eabi/11.3.1/thumb/v7e-m+fp/hard/crti.o
LOAD C:/ST/STM32CubeIDE_1.11.0/STM32CubeIDE/plugins/com.st.stm32cube.ide.mcu.externaltools.gnu-tools-for-stm32.11.3.rel1.win32_1.1.1.202309131626/tools/bin/../lib/gcc/arm-none-eabi/11.3.1/thumb/v7e-m+fp/hard/crtbegin.o
LOAD C:/ST/STM32CubeIDE_1.11.0/STM32CubeIDE/plugins/com.st.stm32cube.ide.mcu.externaltools.gnu-tools-for-stm32.11.3.rel1.win32_1.1.1.202309131626/tools/bin/../lib/gcc/arm-none-eabi/11.3.1/../../../../arm-none-eabi/lib/thumb/v7e-m+fp/hard/crt0.o
LOAD ./Src/APPLICATION/app.o
LOAD ./Src/HAL/dac/dac_prog.o
LOAD ./Src/HAL/ir/ir_prog.o
LOAD ./Src/HAL/ledMatrix/ledMatrix_prog.o
LOAD ./Src/HAL/ssd/ssd_prog.o
LOAD ./Src/HAL/tft/tft_prog.o
LOAD ./Src/MCAL/dma/dma_prog.o
LOAD ./Src/MCAL/exti/exti_prog.o
LOAD ./Src/MCAL/gpio/gpio_prog.o
LOAD ./Src/MCAL/nvic/nvic_prog.o
LOAD ./Src/MCAL/rcc/rcc_prog.o
LOAD ./Src/MCAL/spi/spi_prog.o
LOAD ./Src/MCAL/systick/systick_prog.o
LOAD ./Src/MCAL/usart/usart_prog.o
LOAD ./Src/main.o
LOAD ./Src/syscalls.o
LOAD ./Src/sysmem.o
LOAD ./Startup/startup_stm32f401ccux.o
START GROUP
LOAD C:/ST/STM32CubeIDE_1.11.0/STM32CubeIDE/plugins/com.st.stm32cube.ide.mcu.externaltools.gnu-tools-for-stm32.11.3.rel1.win32_1.1.1.202309131626/tools/bin/../lib/gcc/arm-none-eabi/11.3.1/../../../../arm-none-eabi/lib/thumb/v7e-m+fp/hard\libc_nano.a
LOAD C:/ST/STM32CubeIDE_1.11.0/STM32CubeIDE/plugins/com.st.stm32cube.ide.mcu.externaltools.gnu-tools-for-stm32.11.3.rel1.win32_1.1.1.202309131626/tools/bin/../lib/gcc/arm-none-eabi/11.3.1/../../../../arm-none-eabi/lib/thumb/v7e-m+fp/hard\libm.a
END GROUP
START GROUP
LOAD C:/ST/STM32CubeIDE_1.11.0/STM32CubeIDE/plugins/com.st.stm32cube.ide.mcu.externaltools.gnu-tools-for-stm32.11.3.rel1.win32_1.1.1.202309131626/tools/bin/../lib/gcc/arm-none-eabi/11.3.1/thumb/v7e-m+fp/hard\libgcc.a
LOAD C:/ST/STM32CubeIDE_1.11.0/STM32CubeIDE/plugins/com.st.stm32cube.ide.mcu.externaltools.gnu-tools-for-stm32.11.3.rel1.win32_1.1.1.202309131626/tools/bin/../lib/gcc/arm-none-eabi/11.3.1/../../../../arm-none-eabi/lib/thumb/v7e-m+fp/hard\libc_nano.a
END GROUP
START GROUP
LOAD C:/ST/STM32CubeIDE_1.11.0/STM32CubeIDE/plugins/com.st.stm32cube.ide.mcu.externaltools.gnu-tools-for-stm32.11.3.rel1.win32_1.1.1.202309131626/tools/bin/../lib/gcc/arm-none-eabi/11.3.1/thumb/v7e-m+fp/hard\libgcc.a
LOAD C:/ST/STM32CubeIDE_1.11.0/STM32CubeIDE/plugins/com.st.stm32cube.ide.mcu.externaltools.gnu-tools-for-stm32.11.3.rel1.win32_1.1.1.202309131626/tools/bin/../lib/gcc/arm-none-eabi/11.3.1/../../../../arm-none-eabi/lib/thumb/v7e-m+fp/hard\libc_nano.a
LOAD C:/ST/STM32CubeIDE_1.11.0/STM32CubeIDE/plugins/com.st.stm32cube.ide.mcu.externaltools.gnu-tools-for-stm32.11.3.rel1.win32_1.1.1.202309131626/tools/bin/../lib/gcc/arm-none-eabi/11.3.1/../../../../arm-none-eabi/lib/thumb/v7e-m+fp/hard\libnosys.a
END GROUP
START GROUP
LOAD C:/ST/STM32CubeIDE_1.11.0/STM32CubeIDE/plugins/com.st.stm32cube.ide.mcu.externaltools.gnu-tools-for-stm32.11.3.rel1.win32_1.1.1.202309131626/tools/bin/../lib/gcc/arm-none-eabi/11.3.1/thumb/v7e-m+fp/hard\libgcc.a
LOAD C:/ST/STM32CubeIDE_1.11.0/STM32CubeIDE/plugins/com.st.stm32cube.ide.mcu.externaltools.gnu-tools-for-stm32.11.3.rel1.win32_1.1.1.202309131626/tools/bin/../lib/gcc/arm-none-eabi/11.3.1/../../../../arm-none-eabi/lib/thumb/v7e-m+fp/hard\libc_nano.a
LOAD C:/ST/STM32CubeIDE_1.11.0/STM32CubeIDE/plugins/com.st.stm32cube.ide.mcu.externaltools.gnu-tools-for-stm32.11.3.rel1.win32_1.1.1.202309131626/tools/bin/../lib/gcc/arm-none-eabi/11.3.1/../../../../arm-none-eabi/lib/thumb/v7e-m+fp/hard\libnosys.a
END GROUP
LOAD C:/ST/STM32CubeIDE_1.11.0/STM32CubeIDE/plugins/com.st.stm32cube.ide.mcu.externaltools.gnu-tools-for-stm32.11.3.rel1.win32_1.1.1.202309131626/tools/bin/../lib/gcc/arm-none-eabi/11.3.1/thumb/v7e-m+fp/hard/crtend.o
LOAD C:/ST/STM32CubeIDE_1.11.0/STM32CubeIDE/plugins/com.st.stm32cube.ide.mcu.externaltools.gnu-tools-for-stm32.11.3.rel1.win32_1.1.1.202309131626/tools/bin/../lib/gcc/arm-none-eabi/11.3.1/thumb/v7e-m+fp/hard/crtn.o
                0x0000000020010000                _estack = (ORIGIN (RAM) + LENGTH (RAM))
                0x0000000000000200                _Min_Heap_Size = 0x200
                0x0000000000000400                _Min_Stack_Size = 0x400

.isr_vector     0x0000000008000000      0x194
                0x0000000008000000                . = ALIGN (0x4)
 *(.isr_vector)
 .isr_vector    0x0000000008000000      0x194 ./Startup/startup_stm32f401ccux.o
                0x0000000008000000                g_pfnVectors
                0x0000000008000194                . = ALIGN (0x4)

.text           0x0000000008000194      0xf28
                0x0000000008000194                . = ALIGN (0x4)
 *(.text)
 .text          0x0000000008000194       0x40 C:/ST/STM32CubeIDE_1.11.0/STM32CubeIDE/plugins/com.st.stm32cube.ide.mcu.externaltools.gnu-tools-for-stm32.11.3.rel1.win32_1.1.1.202309131626/tools/bin/../lib/gcc/arm-none-eabi/11.3.1/thumb/v7e-m+fp/hard/crtbegin.o
 *(.text*)
 .text.HTFT_uddtInit
                0x00000000080001d4       0xcc ./Src/HAL/tft/tft_prog.o
                0x00000000080001d4                HTFT_uddtInit
 .text.HTFT_uddtWriteCommand
                0x00000000080002a0       0x42 ./Src/HAL/tft/tft_prog.o
                0x00000000080002a0                HTFT_uddtWriteCommand
 .text.HTFT_uddtWriteData
                0x00000000080002e2       0x42 ./Src/HAL/tft/tft_prog.o
                0x00000000080002e2                HTFT_uddtWriteData
 .text.HTFT_uddtReset
                0x0000000008000324       0x96 ./Src/HAL/tft/tft_prog.o
                0x0000000008000324                HTFT_uddtReset
 .text.HTFT_uddtSetXYAxis
                0x00000000080003ba       0x9c ./Src/HAL/tft/tft_prog.o
                0x00000000080003ba                HTFT_uddtSetXYAxis
 .text.HTFT_uddtClrDisplay
                0x0000000008000456       0x62 ./Src/HAL/tft/tft_prog.o
                0x0000000008000456                HTFT_uddtClrDisplay
 .text.HTFT_uddtDrawChar
                0x00000000080004b8       0xcc ./Src/HAL/tft/tft_prog.o
                0x00000000080004b8                HTFT_uddtDrawChar
 .text.MDMA_uddtClearFlag
                0x0000000008000584       0x28 ./Src/MCAL/dma/dma_prog.o
                0x0000000008000584                MDMA_uddtClearFlag
 .text.DMA2_Stream0_IRQHandler
                0x00000000080005ac       0x20 ./Src/MCAL/dma/dma_prog.o
                0x00000000080005ac                DMA2_Stream0_IRQHandler
 .text.EXTI0_IRQHandler
                0x00000000080005cc       0x2c ./Src/MCAL/exti/exti_prog.o
                0x00000000080005cc                EXTI0_IRQHandler
 .text.MGPIO_setPinMode
                0x00000000080005f8      0x130 ./Src/MCAL/gpio/gpio_prog.o
                0x00000000080005f8                MGPIO_setPinMode
 .text.MGPIO_setOutputMode
                0x0000000008000728      0x11c ./Src/MCAL/gpio/gpio_prog.o
                0x0000000008000728                MGPIO_setOutputMode
 .text.MGPIO_setOutputSpeed
                0x0000000008000844      0x128 ./Src/MCAL/gpio/gpio_prog.o
                0x0000000008000844                MGPIO_setOutputSpeed
 .text.MGPIO_setPinVal
                0x000000000800096c      0x204 ./Src/MCAL/gpio/gpio_prog.o
                0x000000000800096c                MGPIO_setPinVal
 .text.MGPIO_SetAltFun
                0x0000000008000b70       0xf0 ./Src/MCAL/gpio/gpio_prog.o
                0x0000000008000b70                MGPIO_SetAltFun
 .text.MRCC_Init
                0x0000000008000c60       0x50 ./Src/MCAL/rcc/rcc_prog.o
                0x0000000008000c60                MRCC_Init
 .text.MRCC_enablePeripheral
                0x0000000008000cb0       0xc4 ./Src/MCAL/rcc/rcc_prog.o
                0x0000000008000cb0                MRCC_enablePeripheral
 .text.MSPI_uddtInit
                0x0000000008000d74       0x74 ./Src/MCAL/spi/spi_prog.o
                0x0000000008000d74                MSPI_uddtInit
 .text.MSPI_uddtSendBlocking
                0x0000000008000de8       0x3c ./Src/MCAL/spi/spi_prog.o
                0x0000000008000de8                MSPI_uddtSendBlocking
 .text.MSTK_setBusyWait
                0x0000000008000e24       0x68 ./Src/MCAL/systick/systick_prog.o
                0x0000000008000e24                MSTK_setBusyWait
 .text.SysTick_Handler
                0x0000000008000e8c       0x78 ./Src/MCAL/systick/systick_prog.o
                0x0000000008000e8c                SysTick_Handler
 .text.main     0x0000000008000f04      0x104 ./Src/main.o
                0x0000000008000f04                main
 .text.Reset_Handler
                0x0000000008001008       0x50 ./Startup/startup_stm32f401ccux.o
                0x0000000008001008                Reset_Handler
 .text.Default_Handler
                0x0000000008001058        0x2 ./Startup/startup_stm32f401ccux.o
                0x0000000008001058                EXTI2_IRQHandler
                0x0000000008001058                DebugMon_Handler
                0x0000000008001058                SPI4_IRQHandler
                0x0000000008001058                TIM1_CC_IRQHandler
                0x0000000008001058                DMA2_Stream5_IRQHandler
                0x0000000008001058                HardFault_Handler
                0x0000000008001058                DMA1_Stream5_IRQHandler
                0x0000000008001058                SDIO_IRQHandler
                0x0000000008001058                TAMP_STAMP_IRQHandler
                0x0000000008001058                PendSV_Handler
                0x0000000008001058                NMI_Handler
                0x0000000008001058                EXTI3_IRQHandler
                0x0000000008001058                TIM1_UP_TIM10_IRQHandler
                0x0000000008001058                I2C3_ER_IRQHandler
                0x0000000008001058                EXTI18_OTG_FS_WKUP_IRQHandler
                0x0000000008001058                I2C2_EV_IRQHandler
                0x0000000008001058                DMA1_Stream2_IRQHandler
                0x0000000008001058                UsageFault_Handler
                0x0000000008001058                DMA2_Stream2_IRQHandler
                0x0000000008001058                SPI1_IRQHandler
                0x0000000008001058                TIM1_BRK_TIM9_IRQHandler
                0x0000000008001058                DMA2_Stream3_IRQHandler
                0x0000000008001058                USART6_IRQHandler
                0x0000000008001058                TIM4_IRQHandler
                0x0000000008001058                I2C1_EV_IRQHandler
                0x0000000008001058                DMA1_Stream6_IRQHandler
                0x0000000008001058                DMA1_Stream1_IRQHandler
                0x0000000008001058                TIM3_IRQHandler
                0x0000000008001058                RCC_IRQHandler
                0x0000000008001058                Default_Handler
                0x0000000008001058                EXTI15_10_IRQHandler
                0x0000000008001058                ADC_IRQHandler
                0x0000000008001058                DMA1_Stream7_IRQHandler
                0x0000000008001058                TIM5_IRQHandler
                0x0000000008001058                DMA2_Stream7_IRQHandler
                0x0000000008001058                I2C3_EV_IRQHandler
                0x0000000008001058                EXTI9_5_IRQHandler
                0x0000000008001058                SPI2_IRQHandler
                0x0000000008001058                MemManage_Handler
                0x0000000008001058                DMA1_Stream0_IRQHandler
                0x0000000008001058                SVC_Handler
                0x0000000008001058                EXTI4_IRQHandler
                0x0000000008001058                EXTI22_RTC_WKUP_IRQHandler
                0x0000000008001058                TIM2_IRQHandler
                0x0000000008001058                EXTI16_PVD_IRQHandler
                0x0000000008001058                TIM1_TRG_COM_TIM11_IRQHandler
                0x0000000008001058                EXTI1_IRQHandler
                0x0000000008001058                EXTI17_RTC_Alarm_IRQHandler
                0x0000000008001058                USART2_IRQHandler
                0x0000000008001058                I2C2_ER_IRQHandler
                0x0000000008001058                DMA2_Stream1_IRQHandler
                0x0000000008001058                FLASH_IRQHandler
                0x0000000008001058                DMA2_Stream4_IRQHandler
                0x0000000008001058                BusFault_Handler
                0x0000000008001058                USART1_IRQHandler
                0x0000000008001058                OTG_FS_IRQHandler
                0x0000000008001058                SPI3_IRQHandler
                0x0000000008001058                DMA1_Stream4_IRQHandler
                0x0000000008001058                I2C1_ER_IRQHandler
                0x0000000008001058                DMA2_Stream6_IRQHandler
                0x0000000008001058                DMA1_Stream3_IRQHandler
 *fill*         0x000000000800105a        0x2 
 .text.__libc_init_array
                0x000000000800105c       0x48 C:/ST/STM32CubeIDE_1.11.0/STM32CubeIDE/plugins/com.st.stm32cube.ide.mcu.externaltools.gnu-tools-for-stm32.11.3.rel1.win32_1.1.1.202309131626/tools/bin/../lib/gcc/arm-none-eabi/11.3.1/../../../../arm-none-eabi/lib/thumb/v7e-m+fp/hard\libc_nano.a(libc_a-init.o)
                0x000000000800105c                __libc_init_array
 *(.glue_7)
 .glue_7        0x00000000080010a4        0x0 linker stubs
 *(.glue_7t)
 .glue_7t       0x00000000080010a4        0x0 linker stubs
 *(.eh_frame)
 .eh_frame      0x00000000080010a4        0x0 C:/ST/STM32CubeIDE_1.11.0/STM32CubeIDE/plugins/com.st.stm32cube.ide.mcu.externaltools.gnu-tools-for-stm32.11.3.rel1.win32_1.1.1.202309131626/tools/bin/../lib/gcc/arm-none-eabi/11.3.1/thumb/v7e-m+fp/hard/crtbegin.o
 *(.init)
 .init          0x00000000080010a4        0x4 C:/ST/STM32CubeIDE_1.11.0/STM32CubeIDE/plugins/com.st.stm32cube.ide.mcu.externaltools.gnu-tools-for-stm32.11.3.rel1.win32_1.1.1.202309131626/tools/bin/../lib/gcc/arm-none-eabi/11.3.1/thumb/v7e-m+fp/hard/crti.o
                0x00000000080010a4                _init
 .init          0x00000000080010a8        0x8 C:/ST/STM32CubeIDE_1.11.0/STM32CubeIDE/plugins/com.st.stm32cube.ide.mcu.externaltools.gnu-tools-for-stm32.11.3.rel1.win32_1.1.1.202309131626/tools/bin/../lib/gcc/arm-none-eabi/11.3.1/thumb/v7e-m+fp/hard/crtn.o
 *(.fini)
 .fini          0x00000000080010b0        0x4 C:/ST/STM32CubeIDE_1.11.0/STM32CubeIDE/plugins/com.st.stm32cube.ide.mcu.externaltools.gnu-tools-for-stm32.11.3.rel1.win32_1.1.1.202309131626/tools/bin/../lib/gcc/arm-none-eabi/11.3.1/thumb/v7e-m+fp/hard/crti.o
                0x00000000080010b0                _fini
 .fini          0x00000000080010b4        0x8 C:/ST/STM32CubeIDE_1.11.0/STM32CubeIDE/plugins/com.st.stm32cube.ide.mcu.externaltools.gnu-tools-for-stm32.11.3.rel1.win32_1.1.1.202309131626/tools/bin/../lib/gcc/arm-none-eabi/11.3.1/thumb/v7e-m+fp/hard/crtn.o
                0x00000000080010bc                . = ALIGN (0x4)
                0x00000000080010bc                _etext = .

.vfp11_veneer   0x00000000080010bc        0x0
 .vfp11_veneer  0x00000000080010bc        0x0 linker stubs

.v4_bx          0x00000000080010bc        0x0
 .v4_bx         0x00000000080010bc        0x0 linker stubs

.iplt           0x00000000080010bc        0x0
 .iplt          0x00000000080010bc        0x0 C:/ST/STM32CubeIDE_1.11.0/STM32CubeIDE/plugins/com.st.stm32cube.ide.mcu.externaltools.gnu-tools-for-stm32.11.3.rel1.win32_1.1.1.202309131626/tools/bin/../lib/gcc/arm-none-eabi/11.3.1/thumb/v7e-m+fp/hard/crtbegin.o

.rodata         0x00000000080010bc        0xc
                0x00000000080010bc                . = ALIGN (0x4)
 *(.rodata)
 .rodata        0x00000000080010bc        0x9 ./Src/HAL/tft/tft_prog.o
 *(.rodata*)
                0x00000000080010c8                . = ALIGN (0x4)
 *fill*         0x00000000080010c5        0x3 

.rel.dyn        0x00000000080010c8        0x0
 .rel.iplt      0x00000000080010c8        0x0 C:/ST/STM32CubeIDE_1.11.0/STM32CubeIDE/plugins/com.st.stm32cube.ide.mcu.externaltools.gnu-tools-for-stm32.11.3.rel1.win32_1.1.1.202309131626/tools/bin/../lib/gcc/arm-none-eabi/11.3.1/thumb/v7e-m+fp/hard/crtbegin.o

.ARM.extab      0x00000000080010c8        0x0
                0x00000000080010c8                . = ALIGN (0x4)
 *(.ARM.extab* .gnu.linkonce.armextab.*)
                0x00000000080010c8                . = ALIGN (0x4)

.ARM            0x00000000080010c8        0x0
                0x00000000080010c8                . = ALIGN (0x4)
                0x00000000080010c8                __exidx_start = .
 *(.ARM.exidx*)
                0x00000000080010c8                __exidx_end = .
                0x00000000080010c8                . = ALIGN (0x4)

.preinit_array  0x00000000080010c8        0x0
                0x00000000080010c8                . = ALIGN (0x4)
                0x00000000080010c8                PROVIDE (__preinit_array_start = .)
 *(.preinit_array*)
                0x00000000080010c8                PROVIDE (__preinit_array_end = .)
                0x00000000080010c8                . = ALIGN (0x4)

.init_array     0x00000000080010c8        0x4
                0x00000000080010c8                . = ALIGN (0x4)
                0x00000000080010c8                PROVIDE (__init_array_start = .)
 *(SORT_BY_NAME(.init_array.*))
 *(.init_array*)
 .init_array    0x00000000080010c8        0x4 C:/ST/STM32CubeIDE_1.11.0/STM32CubeIDE/plugins/com.st.stm32cube.ide.mcu.externaltools.gnu-tools-for-stm32.11.3.rel1.win32_1.1.1.202309131626/tools/bin/../lib/gcc/arm-none-eabi/11.3.1/thumb/v7e-m+fp/hard/crtbegin.o
                0x00000000080010cc                PROVIDE (__init_array_end = .)
                0x00000000080010cc                . = ALIGN (0x4)

.fini_array     0x00000000080010cc        0x4
                0x00000000080010cc                . = ALIGN (0x4)
                [!provide]                        PROVIDE (__fini_array_start = .)
 *(SORT_BY_NAME(.fini_array.*))
 *(.fini_array*)
 .fini_array    0x00000000080010cc        0x4 C:/ST/STM32CubeIDE_1.11.0/STM32CubeIDE/plugins/com.st.stm32cube.ide.mcu.externaltools.gnu-tools-for-stm32.11.3.rel1.win32_1.1.1.202309131626/tools/bin/../lib/gcc/arm-none-eabi/11.3.1/thumb/v7e-m+fp/hard/crtbegin.o
                [!provide]                        PROVIDE (__fini_array_end = .)
                0x00000000080010d0                . = ALIGN (0x4)
                0x00000000080010d0                _sidata = LOADADDR (.data)

.data           0x0000000020000000       0xe4 load address 0x00000000080010d0
                0x0000000020000000                . = ALIGN (0x4)
                0x0000000020000000                _sdata = .
 *(.data)
 *(.data*)
 .data.tft      0x0000000020000000        0x4 ./Src/main.o
                0x0000000020000000                tft
 .data.font_s   0x0000000020000004       0x20 ./Src/main.o
                0x0000000020000004                font_s
 .data.font_u   0x0000000020000024       0x20 ./Src/main.o
                0x0000000020000024                font_u
 .data.font_n   0x0000000020000044       0x20 ./Src/main.o
                0x0000000020000044                font_n
 .data.font_d   0x0000000020000064       0x20 ./Src/main.o
                0x0000000020000064                font_d
 .data.font_a   0x0000000020000084       0x20 ./Src/main.o
                0x0000000020000084                font_a
 .data.font_y   0x00000000200000a4       0x20 ./Src/main.o
                0x00000000200000a4                font_y
 .data.font_1   0x00000000200000c4       0x20 ./Src/main.o
                0x00000000200000c4                font_1
 *(.RamFunc)
 *(.RamFunc*)
                0x00000000200000e4                . = ALIGN (0x4)
                0x00000000200000e4                _edata = .

.igot.plt       0x00000000200000e4        0x0 load address 0x00000000080011b4
 .igot.plt      0x00000000200000e4        0x0 C:/ST/STM32CubeIDE_1.11.0/STM32CubeIDE/plugins/com.st.stm32cube.ide.mcu.externaltools.gnu-tools-for-stm32.11.3.rel1.win32_1.1.1.202309131626/tools/bin/../lib/gcc/arm-none-eabi/11.3.1/thumb/v7e-m+fp/hard/crtbegin.o
                0x00000000200000e4                . = ALIGN (0x4)

.bss            0x00000000200000e4       0x80 load address 0x00000000080011b4
                0x00000000200000e4                _sbss = .
                0x00000000200000e4                __bss_start__ = _sbss
 *(.bss)
 .bss           0x00000000200000e4       0x1c C:/ST/STM32CubeIDE_1.11.0/STM32CubeIDE/plugins/com.st.stm32cube.ide.mcu.externaltools.gnu-tools-for-stm32.11.3.rel1.win32_1.1.1.202309131626/tools/bin/../lib/gcc/arm-none-eabi/11.3.1/thumb/v7e-m+fp/hard/crtbegin.o
 *(.bss*)
 .bss.MDMA2_CallBackHandler
                0x0000000020000100        0x4 ./Src/MCAL/dma/dma_prog.o
 .bss.arrOfPtrOfExtiCallBack
                0x0000000020000104       0x58 ./Src/MCAL/exti/exti_prog.o
 .bss.pfForStkCallBack
                0x000000002000015c        0x4 ./Src/MCAL/systick/systick_prog.o
 .bss.g_u8intervalMode
                0x0000000020000160        0x1 ./Src/MCAL/systick/systick_prog.o
 *(COMMON)
                0x0000000020000164                . = ALIGN (0x4)
 *fill*         0x0000000020000161        0x3 
                0x0000000020000164                _ebss = .
                0x0000000020000164                __bss_end__ = _ebss

._user_heap_stack
                0x0000000020000164      0x604 load address 0x00000000080011b4
                0x0000000020000168                . = ALIGN (0x8)
 *fill*         0x0000000020000164        0x4 
                [!provide]                        PROVIDE (end = .)
                0x0000000020000168                PROVIDE (_end = .)
                0x0000000020000368                . = (. + _Min_Heap_Size)
 *fill*         0x0000000020000168      0x200 
                0x0000000020000768                . = (. + _Min_Stack_Size)
 *fill*         0x0000000020000368      0x400 
                0x0000000020000768                . = ALIGN (0x8)

/DISCARD/
 libc.a(*)
 libm.a(*)
 libgcc.a(*)

.ARM.attributes
                0x0000000000000000       0x30
 *(.ARM.attributes)
 .ARM.attributes
                0x0000000000000000       0x1e C:/ST/STM32CubeIDE_1.11.0/STM32CubeIDE/plugins/com.st.stm32cube.ide.mcu.externaltools.gnu-tools-for-stm32.11.3.rel1.win32_1.1.1.202309131626/tools/bin/../lib/gcc/arm-none-eabi/11.3.1/thumb/v7e-m+fp/hard/crti.o
 .ARM.attributes
                0x000000000000001e       0x34 C:/ST/STM32CubeIDE_1.11.0/STM32CubeIDE/plugins/com.st.stm32cube.ide.mcu.externaltools.gnu-tools-for-stm32.11.3.rel1.win32_1.1.1.202309131626/tools/bin/../lib/gcc/arm-none-eabi/11.3.1/thumb/v7e-m+fp/hard/crtbegin.o
 .ARM.attributes
                0x0000000000000052       0x34 ./Src/HAL/tft/tft_prog.o
 .ARM.attributes
                0x0000000000000086       0x34 ./Src/MCAL/dma/dma_prog.o
 .ARM.attributes
                0x00000000000000ba       0x34 ./Src/MCAL/exti/exti_prog.o
 .ARM.attributes
                0x00000000000000ee       0x34 ./Src/MCAL/gpio/gpio_prog.o
 .ARM.attributes
                0x0000000000000122       0x34 ./Src/MCAL/rcc/rcc_prog.o
 .ARM.attributes
                0x0000000000000156       0x34 ./Src/MCAL/spi/spi_prog.o
 .ARM.attributes
                0x000000000000018a       0x34 ./Src/MCAL/systick/systick_prog.o
 .ARM.attributes
                0x00000000000001be       0x34 ./Src/main.o
 .ARM.attributes
                0x00000000000001f2       0x21 ./Startup/startup_stm32f401ccux.o
 .ARM.attributes
                0x0000000000000213       0x34 C:/ST/STM32CubeIDE_1.11.0/STM32CubeIDE/plugins/com.st.stm32cube.ide.mcu.externaltools.gnu-tools-for-stm32.11.3.rel1.win32_1.1.1.202309131626/tools/bin/../lib/gcc/arm-none-eabi/11.3.1/../../../../arm-none-eabi/lib/thumb/v7e-m+fp/hard\libc_nano.a(libc_a-init.o)
 .ARM.attributes
                0x0000000000000247       0x1e C:/ST/STM32CubeIDE_1.11.0/STM32CubeIDE/plugins/com.st.stm32cube.ide.mcu.externaltools.gnu-tools-for-stm32.11.3.rel1.win32_1.1.1.202309131626/tools/bin/../lib/gcc/arm-none-eabi/11.3.1/thumb/v7e-m+fp/hard/crtn.o
OUTPUT(02_Display_On_Tft.elf elf32-littlearm)
LOAD linker stubs
LOAD C:/ST/STM32CubeIDE_1.11.0/STM32CubeIDE/plugins/com.st.stm32cube.ide.mcu.externaltools.gnu-tools-for-stm32.11.3.rel1.win32_1.1.1.202309131626/tools/bin/../lib/gcc/arm-none-eabi/11.3.1/../../../../arm-none-eabi/lib/thumb/v7e-m+fp/hard\libc.a
LOAD C:/ST/STM32CubeIDE_1.11.0/STM32CubeIDE/plugins/com.st.stm32cube.ide.mcu.externaltools.gnu-tools-for-stm32.11.3.rel1.win32_1.1.1.202309131626/tools/bin/../lib/gcc/arm-none-eabi/11.3.1/../../../../arm-none-eabi/lib/thumb/v7e-m+fp/hard\libm.a
LOAD C:/ST/STM32CubeIDE_1.11.0/STM32CubeIDE/plugins/com.st.stm32cube.ide.mcu.externaltools.gnu-tools-for-stm32.11.3.rel1.win32_1.1.1.202309131626/tools/bin/../lib/gcc/arm-none-eabi/11.3.1/thumb/v7e-m+fp/hard\libgcc.a

.comment        0x0000000000000000       0x43
 .comment       0x0000000000000000       0x43 C:/ST/STM32CubeIDE_1.11.0/STM32CubeIDE/plugins/com.st.stm32cube.ide.mcu.externaltools.gnu-tools-for-stm32.11.3.rel1.win32_1.1.1.202309131626/tools/bin/../lib/gcc/arm-none-eabi/11.3.1/thumb/v7e-m+fp/hard/crtbegin.o
                                         0x44 (size before relaxing)
 .comment       0x0000000000000043       0x44 ./Src/HAL/tft/tft_prog.o
 .comment       0x0000000000000043       0x44 ./Src/MCAL/dma/dma_prog.o
 .comment       0x0000000000000043       0x44 ./Src/MCAL/exti/exti_prog.o
 .comment       0x0000000000000043       0x44 ./Src/MCAL/gpio/gpio_prog.o
 .comment       0x0000000000000043       0x44 ./Src/MCAL/rcc/rcc_prog.o
 .comment       0x0000000000000043       0x44 ./Src/MCAL/spi/spi_prog.o
 .comment       0x0000000000000043       0x44 ./Src/MCAL/systick/systick_prog.o
 .comment       0x0000000000000043       0x44 ./Src/main.o

.debug_info     0x0000000000000000     0x2af6
 .debug_info    0x0000000000000000      0xc80 ./Src/HAL/tft/tft_prog.o
 .debug_info    0x0000000000000c80      0x338 ./Src/MCAL/dma/dma_prog.o
 .debug_info    0x0000000000000fb8      0x403 ./Src/MCAL/exti/exti_prog.o
 .debug_info    0x00000000000013bb      0x629 ./Src/MCAL/gpio/gpio_prog.o
 .debug_info    0x00000000000019e4      0x4b5 ./Src/MCAL/rcc/rcc_prog.o
 .debug_info    0x0000000000001e99      0x3ce ./Src/MCAL/spi/spi_prog.o
 .debug_info    0x0000000000002267      0x320 ./Src/MCAL/systick/systick_prog.o
 .debug_info    0x0000000000002587      0x54c ./Src/main.o
 .debug_info    0x0000000000002ad3       0x23 ./Startup/startup_stm32f401ccux.o

.debug_abbrev   0x0000000000000000      0x912
 .debug_abbrev  0x0000000000000000      0x16d ./Src/HAL/tft/tft_prog.o
 .debug_abbrev  0x000000000000016d      0x154 ./Src/MCAL/dma/dma_prog.o
 .debug_abbrev  0x00000000000002c1      0x137 ./Src/MCAL/exti/exti_prog.o
 .debug_abbrev  0x00000000000003f8      0x125 ./Src/MCAL/gpio/gpio_prog.o
 .debug_abbrev  0x000000000000051d       0xd8 ./Src/MCAL/rcc/rcc_prog.o
 .debug_abbrev  0x00000000000005f5       0xcd ./Src/MCAL/spi/spi_prog.o
 .debug_abbrev  0x00000000000006c2      0x12f ./Src/MCAL/systick/systick_prog.o
 .debug_abbrev  0x00000000000007f1      0x10f ./Src/main.o
 .debug_abbrev  0x0000000000000900       0x12 ./Startup/startup_stm32f401ccux.o

.debug_aranges  0x0000000000000000      0x280
 .debug_aranges
                0x0000000000000000       0x80 ./Src/HAL/tft/tft_prog.o
 .debug_aranges
                0x0000000000000080       0x50 ./Src/MCAL/dma/dma_prog.o
 .debug_aranges
                0x00000000000000d0       0x50 ./Src/MCAL/exti/exti_prog.o
 .debug_aranges
                0x0000000000000120       0x60 ./Src/MCAL/gpio/gpio_prog.o
 .debug_aranges
                0x0000000000000180       0x30 ./Src/MCAL/rcc/rcc_prog.o
 .debug_aranges
                0x00000000000001b0       0x30 ./Src/MCAL/spi/spi_prog.o
 .debug_aranges
                0x00000000000001e0       0x58 ./Src/MCAL/systick/systick_prog.o
 .debug_aranges
                0x0000000000000238       0x20 ./Src/main.o
 .debug_aranges
                0x0000000000000258       0x28 ./Startup/startup_stm32f401ccux.o

.debug_rnglists
                0x0000000000000000      0x1d7
 .debug_rnglists
                0x0000000000000000       0x63 ./Src/HAL/tft/tft_prog.o
 .debug_rnglists
                0x0000000000000063       0x38 ./Src/MCAL/dma/dma_prog.o
 .debug_rnglists
                0x000000000000009b       0x39 ./Src/MCAL/exti/exti_prog.o
 .debug_rnglists
                0x00000000000000d4       0x4c ./Src/MCAL/gpio/gpio_prog.o
 .debug_rnglists
                0x0000000000000120       0x21 ./Src/MCAL/rcc/rcc_prog.o
 .debug_rnglists
                0x0000000000000141       0x1f ./Src/MCAL/spi/spi_prog.o
 .debug_rnglists
                0x0000000000000160       0x4a ./Src/MCAL/systick/systick_prog.o
 .debug_rnglists
                0x00000000000001aa       0x14 ./Src/main.o
 .debug_rnglists
                0x00000000000001be       0x19 ./Startup/startup_stm32f401ccux.o

.debug_macro    0x0000000000000000      0x4cd
 .debug_macro   0x0000000000000000       0xa3 ./Src/HAL/tft/tft_prog.o
 .debug_macro   0x00000000000000a3       0x7c ./Src/HAL/tft/tft_prog.o
 .debug_macro   0x000000000000011f       0x52 ./Src/HAL/tft/tft_prog.o
 .debug_macro   0x0000000000000171       0x40 ./Src/MCAL/dma/dma_prog.o
 .debug_macro   0x00000000000001b1       0x22 ./Src/MCAL/dma/dma_prog.o
 .debug_macro   0x00000000000001d3       0x40 ./Src/MCAL/exti/exti_prog.o
 .debug_macro   0x0000000000000213       0x3f ./Src/MCAL/gpio/gpio_prog.o
 .debug_macro   0x0000000000000252       0x3f ./Src/MCAL/rcc/rcc_prog.o
 .debug_macro   0x0000000000000291       0xb2 ./Src/MCAL/rcc/rcc_prog.o
 .debug_macro   0x0000000000000343       0x40 ./Src/MCAL/rcc/rcc_prog.o
 .debug_macro   0x0000000000000383       0x40 ./Src/MCAL/spi/spi_prog.o
 .debug_macro   0x00000000000003c3       0x3f ./Src/MCAL/systick/systick_prog.o
 .debug_macro   0x0000000000000402       0xcb ./Src/main.o

.debug_line     0x0000000000000000     0x1d14
 .debug_line    0x0000000000000000      0x77f ./Src/HAL/tft/tft_prog.o
 .debug_line    0x000000000000077f      0x20c ./Src/MCAL/dma/dma_prog.o
 .debug_line    0x000000000000098b      0x256 ./Src/MCAL/exti/exti_prog.o
 .debug_line    0x0000000000000be1      0x6c9 ./Src/MCAL/gpio/gpio_prog.o
 .debug_line    0x00000000000012aa      0x1c8 ./Src/MCAL/rcc/rcc_prog.o
 .debug_line    0x0000000000001472      0x1c6 ./Src/MCAL/spi/spi_prog.o
 .debug_line    0x0000000000001638      0x2e3 ./Src/MCAL/systick/systick_prog.o
 .debug_line    0x000000000000191b      0x37e ./Src/main.o
 .debug_line    0x0000000000001c99       0x7b ./Startup/startup_stm32f401ccux.o

.debug_str      0x0000000000000000     0x5c5a
 .debug_str     0x0000000000000000     0x40e5 ./Src/HAL/tft/tft_prog.o
                                       0x4147 (size before relaxing)
 .debug_str     0x00000000000040e5      0x3dd ./Src/MCAL/dma/dma_prog.o
                                       0x3351 (size before relaxing)
 .debug_str     0x00000000000044c2      0x5ab ./Src/MCAL/exti/exti_prog.o
                                       0x3520 (size before relaxing)
 .debug_str     0x0000000000004a6d      0x372 ./Src/MCAL/gpio/gpio_prog.o
                                       0x398f (size before relaxing)
 .debug_str     0x0000000000004ddf      0xb06 ./Src/MCAL/rcc/rcc_prog.o
                                       0x3ae1 (size before relaxing)
 .debug_str     0x00000000000058e5       0xcb ./Src/MCAL/spi/spi_prog.o
                                       0x353e (size before relaxing)
 .debug_str     0x00000000000059b0      0x231 ./Src/MCAL/systick/systick_prog.o
                                       0x337b (size before relaxing)
 .debug_str     0x0000000000005be1       0x4a ./Src/main.o
                                       0x41e7 (size before relaxing)
 .debug_str     0x0000000000005c2b       0x2f ./Startup/startup_stm32f401ccux.o
                                         0x87 (size before relaxing)

.debug_frame    0x0000000000000000      0x850
 .debug_frame   0x0000000000000000      0x1ec ./Src/HAL/tft/tft_prog.o
 .debug_frame   0x00000000000001ec      0x118 ./Src/MCAL/dma/dma_prog.o
 .debug_frame   0x0000000000000304      0x11c ./Src/MCAL/exti/exti_prog.o
 .debug_frame   0x0000000000000420      0x178 ./Src/MCAL/gpio/gpio_prog.o
 .debug_frame   0x0000000000000598       0x88 ./Src/MCAL/rcc/rcc_prog.o
 .debug_frame   0x0000000000000620       0x88 ./Src/MCAL/spi/spi_prog.o
 .debug_frame   0x00000000000006a8      0x14c ./Src/MCAL/systick/systick_prog.o
 .debug_frame   0x00000000000007f4       0x30 ./Src/main.o
 .debug_frame   0x0000000000000824       0x2c C:/ST/STM32CubeIDE_1.11.0/STM32CubeIDE/plugins/com.st.stm32cube.ide.mcu.externaltools.gnu-tools-for-stm32.11.3.rel1.win32_1.1.1.202309131626/tools/bin/../lib/gcc/arm-none-eabi/11.3.1/../../../../arm-none-eabi/lib/thumb/v7e-m+fp/hard\libc_nano.a(libc_a-init.o)

.debug_line_str
                0x0000000000000000       0x7b
 .debug_line_str
                0x0000000000000000       0x7b ./Startup/startup_stm32f401ccux.o
                                         0x93 (size before relaxing)
