Archive member included to satisfy reference by file (symbol)

C:/ST/STM32CubeIDE_1.11.0/STM32CubeIDE/plugins/com.st.stm32cube.ide.mcu.externaltools.gnu-tools-for-stm32.11.3.rel1.win32_1.1.0.202305231506/tools/bin/../lib/gcc/arm-none-eabi/11.3.1/../../../../arm-none-eabi/lib/thumb/v7e-m+fp/hard\libc_nano.a(libc_a-exit.o)
                              C:/ST/STM32CubeIDE_1.11.0/STM32CubeIDE/plugins/com.st.stm32cube.ide.mcu.externaltools.gnu-tools-for-stm32.11.3.rel1.win32_1.1.0.202305231506/tools/bin/../lib/gcc/arm-none-eabi/11.3.1/../../../../arm-none-eabi/lib/thumb/v7e-m+fp/hard/crt0.o (exit)
C:/ST/STM32CubeIDE_1.11.0/STM32CubeIDE/plugins/com.st.stm32cube.ide.mcu.externaltools.gnu-tools-for-stm32.11.3.rel1.win32_1.1.0.202305231506/tools/bin/../lib/gcc/arm-none-eabi/11.3.1/../../../../arm-none-eabi/lib/thumb/v7e-m+fp/hard\libc_nano.a(libc_a-findfp.o)
                              C:/ST/STM32CubeIDE_1.11.0/STM32CubeIDE/plugins/com.st.stm32cube.ide.mcu.externaltools.gnu-tools-for-stm32.11.3.rel1.win32_1.1.0.202305231506/tools/bin/../lib/gcc/arm-none-eabi/11.3.1/../../../../arm-none-eabi/lib/thumb/v7e-m+fp/hard\libc_nano.a(libc_a-exit.o) (__stdio_exit_handler)
C:/ST/STM32CubeIDE_1.11.0/STM32CubeIDE/plugins/com.st.stm32cube.ide.mcu.externaltools.gnu-tools-for-stm32.11.3.rel1.win32_1.1.0.202305231506/tools/bin/../lib/gcc/arm-none-eabi/11.3.1/../../../../arm-none-eabi/lib/thumb/v7e-m+fp/hard\libc_nano.a(libc_a-fwalk.o)
                              C:/ST/STM32CubeIDE_1.11.0/STM32CubeIDE/plugins/com.st.stm32cube.ide.mcu.externaltools.gnu-tools-for-stm32.11.3.rel1.win32_1.1.0.202305231506/tools/bin/../lib/gcc/arm-none-eabi/11.3.1/../../../../arm-none-eabi/lib/thumb/v7e-m+fp/hard\libc_nano.a(libc_a-findfp.o) (_fwalk_sglue)
C:/ST/STM32CubeIDE_1.11.0/STM32CubeIDE/plugins/com.st.stm32cube.ide.mcu.externaltools.gnu-tools-for-stm32.11.3.rel1.win32_1.1.0.202305231506/tools/bin/../lib/gcc/arm-none-eabi/11.3.1/../../../../arm-none-eabi/lib/thumb/v7e-m+fp/hard\libc_nano.a(libc_a-stdio.o)
                              C:/ST/STM32CubeIDE_1.11.0/STM32CubeIDE/plugins/com.st.stm32cube.ide.mcu.externaltools.gnu-tools-for-stm32.11.3.rel1.win32_1.1.0.202305231506/tools/bin/../lib/gcc/arm-none-eabi/11.3.1/../../../../arm-none-eabi/lib/thumb/v7e-m+fp/hard\libc_nano.a(libc_a-findfp.o) (__sread)
C:/ST/STM32CubeIDE_1.11.0/STM32CubeIDE/plugins/com.st.stm32cube.ide.mcu.externaltools.gnu-tools-for-stm32.11.3.rel1.win32_1.1.0.202305231506/tools/bin/../lib/gcc/arm-none-eabi/11.3.1/../../../../arm-none-eabi/lib/thumb/v7e-m+fp/hard\libc_nano.a(libc_a-memset.o)
                              C:/ST/STM32CubeIDE_1.11.0/STM32CubeIDE/plugins/com.st.stm32cube.ide.mcu.externaltools.gnu-tools-for-stm32.11.3.rel1.win32_1.1.0.202305231506/tools/bin/../lib/gcc/arm-none-eabi/11.3.1/../../../../arm-none-eabi/lib/thumb/v7e-m+fp/hard/crt0.o (memset)
C:/ST/STM32CubeIDE_1.11.0/STM32CubeIDE/plugins/com.st.stm32cube.ide.mcu.externaltools.gnu-tools-for-stm32.11.3.rel1.win32_1.1.0.202305231506/tools/bin/../lib/gcc/arm-none-eabi/11.3.1/../../../../arm-none-eabi/lib/thumb/v7e-m+fp/hard\libc_nano.a(libc_a-closer.o)
                              C:/ST/STM32CubeIDE_1.11.0/STM32CubeIDE/plugins/com.st.stm32cube.ide.mcu.externaltools.gnu-tools-for-stm32.11.3.rel1.win32_1.1.0.202305231506/tools/bin/../lib/gcc/arm-none-eabi/11.3.1/../../../../arm-none-eabi/lib/thumb/v7e-m+fp/hard\libc_nano.a(libc_a-stdio.o) (_close_r)
C:/ST/STM32CubeIDE_1.11.0/STM32CubeIDE/plugins/com.st.stm32cube.ide.mcu.externaltools.gnu-tools-for-stm32.11.3.rel1.win32_1.1.0.202305231506/tools/bin/../lib/gcc/arm-none-eabi/11.3.1/../../../../arm-none-eabi/lib/thumb/v7e-m+fp/hard\libc_nano.a(libc_a-reent.o)
                              C:/ST/STM32CubeIDE_1.11.0/STM32CubeIDE/plugins/com.st.stm32cube.ide.mcu.externaltools.gnu-tools-for-stm32.11.3.rel1.win32_1.1.0.202305231506/tools/bin/../lib/gcc/arm-none-eabi/11.3.1/../../../../arm-none-eabi/lib/thumb/v7e-m+fp/hard\libc_nano.a(libc_a-closer.o) (errno)
C:/ST/STM32CubeIDE_1.11.0/STM32CubeIDE/plugins/com.st.stm32cube.ide.mcu.externaltools.gnu-tools-for-stm32.11.3.rel1.win32_1.1.0.202305231506/tools/bin/../lib/gcc/arm-none-eabi/11.3.1/../../../../arm-none-eabi/lib/thumb/v7e-m+fp/hard\libc_nano.a(libc_a-impure.o)
                              C:/ST/STM32CubeIDE_1.11.0/STM32CubeIDE/plugins/com.st.stm32cube.ide.mcu.externaltools.gnu-tools-for-stm32.11.3.rel1.win32_1.1.0.202305231506/tools/bin/../lib/gcc/arm-none-eabi/11.3.1/../../../../arm-none-eabi/lib/thumb/v7e-m+fp/hard\libc_nano.a(libc_a-reent.o) (_impure_ptr)
C:/ST/STM32CubeIDE_1.11.0/STM32CubeIDE/plugins/com.st.stm32cube.ide.mcu.externaltools.gnu-tools-for-stm32.11.3.rel1.win32_1.1.0.202305231506/tools/bin/../lib/gcc/arm-none-eabi/11.3.1/../../../../arm-none-eabi/lib/thumb/v7e-m+fp/hard\libc_nano.a(libc_a-lseekr.o)
[...]
Memory Configuration

Name             Origin             Length             Attributes
RAM              0x0000000020000000 0x0000000000010000 xrw
FLASH            0x0000000008000000 0x0000000000040000 xr
*default*        0x0000000000000000 0xffffffffffffffff

Linker script and memory map

LOAD C:/ST/STM32CubeIDE_1.11.0/STM32CubeIDE/plugins/com.st.stm32cube.ide.mcu.externaltools.gnu-tools-for-stm32.11.3.rel1.win32_1.1.0.202305231506/tools/bin/../lib/gcc/arm-none-eabi/11.3.1/thumb/v7e-m+fp/hard/crti.o
LOAD C:/ST/STM32CubeIDE_1.11.0/STM32CubeIDE/plugins/com.st.stm32cube.ide.mcu.externaltools.gnu-tools-for-stm32.11.3.rel1.win32_1.1.0.202305231506/tools/bin/../lib/gcc/arm-none-eabi/11.3.1/thumb/v7e-m+fp/hard/crtbegin.o
LOAD C:/ST/STM32CubeIDE_1.11.0/STM32CubeIDE/plugins/com.st.stm32cube.ide.mcu.externaltools.gnu-tools-for-stm32.11.3.rel1.win32_1.1.0.202305231506/tools/bin/../lib/gcc/arm-none-eabi/11.3.1/../../../../arm-none-eabi/lib/thumb/v7e-m+fp/hard/crt0.o
LOAD ./Src/APPLICATION/app.o
LOAD ./Src/HAL/dac/dac_prog.o
LOAD ./Src/HAL/ledMatrix/ledMatrix_prog.o
LOAD ./Src/HAL/ssd/ssd_prog.o
LOAD ./Src/MCAL/exti/exti_prog.o
LOAD ./Src/MCAL/gpio/gpio_prog.o
LOAD ./Src/MCAL/nvic/nvic_prog.o
LOAD ./Src/MCAL/rcc/rcc_prog.o
LOAD ./Src/MCAL/systick/systick_prog.o
LOAD ./Src/main.o
LOAD ./Src/syscalls.o
LOAD ./Src/sysmem.o
LOAD ./Startup/startup_stm32f401ccux.o
START GROUP
LOAD C:/ST/STM32CubeIDE_1.11.0/STM32CubeIDE/plugins/com.st.stm32cube.ide.mcu.externaltools.gnu-tools-for-stm32.11.3.rel1.win32_1.1.0.202305231506/tools/bin/../lib/gcc/arm-none-eabi/11.3.1/../../../../arm-none-eabi/lib/thumb/v7e-m+fp/hard\libc_nano.a
LOAD C:/ST/STM32CubeIDE_1.11.0/STM32CubeIDE/plugins/com.st.stm32cube.ide.mcu.externaltools.gnu-tools-for-stm32.11.3.rel1.win32_1.1.0.202305231506/tools/bin/../lib/gcc/arm-none-eabi/11.3.1/../../../../arm-none-eabi/lib/thumb/v7e-m+fp/hard\libm.a
END GROUP
START GROUP
LOAD C:/ST/STM32CubeIDE_1.11.0/STM32CubeIDE/plugins/com.st.stm32cube.ide.mcu.externaltools.gnu-tools-for-stm32.11.3.rel1.win32_1.1.0.202305231506/tools/bin/../lib/gcc/arm-none-eabi/11.3.1/thumb/v7e-m+fp/hard\libgcc.a
LOAD C:/ST/STM32CubeIDE_1.11.0/STM32CubeIDE/plugins/com.st.stm32cube.ide.mcu.externaltools.gnu-tools-for-stm32.11.3.rel1.win32_1.1.0.202305231506/tools/bin/../lib/gcc/arm-none-eabi/11.3.1/../../../../arm-none-eabi/lib/thumb/v7e-m+fp/hard\libc_nano.a
END GROUP
START GROUP
LOAD C:/ST/STM32CubeIDE_1.11.0/STM32CubeIDE/plugins/com.st.stm32cube.ide.mcu.externaltools.gnu-tools-for-stm32.11.3.rel1.win32_1.1.0.202305231506/tools/bin/../lib/gcc/arm-none-eabi/11.3.1/thumb/v7e-m+fp/hard\libgcc.a
LOAD C:/ST/STM32CubeIDE_1.11.0/STM32CubeIDE/plugins/com.st.stm32cube.ide.mcu.externaltools.gnu-tools-for-stm32.11.3.rel1.win32_1.1.0.202305231506/tools/bin/../lib/gcc/arm-none-eabi/11.3.1/../../../../arm-none-eabi/lib/thumb/v7e-m+fp/hard\libc_nano.a
LOAD C:/ST/STM32CubeIDE_1.11.0/STM32CubeIDE/plugins/com.st.stm32cube.ide.mcu.externaltools.gnu-tools-for-stm32.11.3.rel1.win32_1.1.0.202305231506/tools/bin/../lib/gcc/arm-none-eabi/11.3.1/../../../../arm-none-eabi/lib/thumb/v7e-m+fp/hard\libnosys.a
END GROUP
START GROUP
LOAD C:/ST/STM32CubeIDE_1.11.0/STM32CubeIDE/plugins/com.st.stm32cube.ide.mcu.externaltools.gnu-tools-for-stm32.11.3.rel1.win32_1.1.0.202305231506/tools/bin/../lib/gcc/arm-none-eabi/11.3.1/thumb/v7e-m+fp/hard\libgcc.a
LOAD C:/ST/STM32CubeIDE_1.11.0/STM32CubeIDE/plugins/com.st.stm32cube.ide.mcu.externaltools.gnu-tools-for-stm32.11.3.rel1.win32_1.1.0.202305231506/tools/bin/../lib/gcc/arm-none-eabi/11.3.1/../../../../arm-none-eabi/lib/thumb/v7e-m+fp/hard\libc_nano.a
LOAD C:/ST/STM32CubeIDE_1.11.0/STM32CubeIDE/plugins/com.st.stm32cube.ide.mcu.externaltools.gnu-tools-for-stm32.11.3.rel1.win32_1.1.0.202305231506/tools/bin/../lib/gcc/arm-none-eabi/11.3.1/../../../../arm-none-eabi/lib/thumb/v7e-m+fp/hard\libnosys.a
END GROUP
LOAD C:/ST/STM32CubeIDE_1.11.0/STM32CubeIDE/plugins/com.st.stm32cube.ide.mcu.externaltools.gnu-tools-for-stm32.11.3.rel1.win32_1.1.0.202305231506/tools/bin/../lib/gcc/arm-none-eabi/11.3.1/thumb/v7e-m+fp/hard/crtend.o
LOAD C:/ST/STM32CubeIDE_1.11.0/STM32CubeIDE/plugins/com.st.stm32cube.ide.mcu.externaltools.gnu-tools-for-stm32.11.3.rel1.win32_1.1.0.202305231506/tools/bin/../lib/gcc/arm-none-eabi/11.3.1/thumb/v7e-m+fp/hard/crtn.o
                0x0000000020010000                _estack = (ORIGIN (RAM) + LENGTH (RAM))
                0x0000000000000200                _Min_Heap_Size = 0x200
                0x0000000000000400                _Min_Stack_Size = 0x400

.isr_vector     0x0000000008000000      0x194
                0x0000000008000000                . = ALIGN (0x4)
 *(.isr_vector)
 .isr_vector    0x0000000008000000      0x194 ./Startup/startup_stm32f401ccux.o
                0x0000000008000000                g_pfnVectors
                0x0000000008000194                . = ALIGN (0x4)

.text           0x0000000008000194      0xa6c
                0x0000000008000194                . = ALIGN (0x4)
 *(.text)
 .text          0x0000000008000194       0x40 C:/ST/STM32CubeIDE_1.11.0/STM32CubeIDE/plugins/com.st.stm32cube.ide.mcu.externaltools.gnu-tools-for-stm32.11.3.rel1.win32_1.1.0.202305231506/tools/bin/../lib/gcc/arm-none-eabi/11.3.1/thumb/v7e-m+fp/hard/crtbegin.o
 *(.text*)
 .text.appInit  0x00000000080001d4       0x28 ./Src/APPLICATION/app.o
                0x00000000080001d4                appInit
 .text.appMain  0x00000000080001fc       0x44 ./Src/APPLICATION/app.o
                0x00000000080001fc                appMain
 .text.HLDM_init
                0x0000000008000240       0x9c ./Src/HAL/ledMatrix/ledMatrix_prog.o
                0x0000000008000240                HLDM_init
 .text.HLDM_enable
                0x00000000080002dc       0x6a ./Src/HAL/ledMatrix/ledMatrix_prog.o
                0x00000000080002dc                HLDM_enable
 *fill*         0x0000000008000346        0x2 
 .text.MGPIO_setPinMode
                0x0000000008000348      0x130 ./Src/MCAL/gpio/gpio_prog.o
                0x0000000008000348                MGPIO_setPinMode
 .text.MGPIO_setOutputMode
                0x0000000008000478      0x11c ./Src/MCAL/gpio/gpio_prog.o
                0x0000000008000478                MGPIO_setOutputMode
 .text.MGPIO_setOutputSpeed
                0x0000000008000594      0x128 ./Src/MCAL/gpio/gpio_prog.o
                0x0000000008000594                MGPIO_setOutputSpeed
 .text.MGPIO_setPinVal
                0x00000000080006bc      0x204 ./Src/MCAL/gpio/gpio_prog.o
                0x00000000080006bc                MGPIO_setPinVal
 .text.MGPIO_setPortVal
                0x00000000080008c0       0xb8 ./Src/MCAL/gpio/gpio_prog.o
                0x00000000080008c0                MGPIO_setPortVal
 .text.MRCC_Init
                0x0000000008000978       0x38 ./Src/MCAL/rcc/rcc_prog.o
                0x0000000008000978                MRCC_Init
 .text.MRCC_enablePeripheral
                0x00000000080009b0       0xc4 ./Src/MCAL/rcc/rcc_prog.o
                0x00000000080009b0                MRCC_enablePeripheral
 .text.MSTK_setBusyWait
                0x0000000008000a74       0x50 ./Src/MCAL/systick/systick_prog.o
                0x0000000008000a74                MSTK_setBusyWait
 .text.SysTick_Handler
                0x0000000008000ac4       0x78 ./Src/MCAL/systick/systick_prog.o
                0x0000000008000ac4                SysTick_Handler
 .text.main     0x0000000008000b3c       0x10 ./Src/main.o
                0x0000000008000b3c                main
 .text.Reset_Handler
                0x0000000008000b4c       0x50 ./Startup/startup_stm32f401ccux.o
                0x0000000008000b4c                Reset_Handler
 .text.Default_Handler
                0x0000000008000b9c        0x2 ./Startup/startup_stm32f401ccux.o
                0x0000000008000b9c                EXTI2_IRQHandler
                0x0000000008000b9c                DebugMon_Handler
                0x0000000008000b9c                SPI4_IRQHandler
                0x0000000008000b9c                TIM1_CC_IRQHandler
                0x0000000008000b9c                DMA2_Stream5_IRQHandler
                0x0000000008000b9c                HardFault_Handler
                0x0000000008000b9c                DMA1_Stream5_IRQHandler
                0x0000000008000b9c                SDIO_IRQHandler
                0x0000000008000b9c                TAMP_STAMP_IRQHandler
                0x0000000008000b9c                PendSV_Handler
                0x0000000008000b9c                NMI_Handler
                0x0000000008000b9c                EXTI3_IRQHandler
                0x0000000008000b9c                TIM1_UP_TIM10_IRQHandler
                0x0000000008000b9c                I2C3_ER_IRQHandler
                0x0000000008000b9c                EXTI18_OTG_FS_WKUP_IRQHandler
                0x0000000008000b9c                EXTI0_IRQHandler
                0x0000000008000b9c                I2C2_EV_IRQHandler
                0x0000000008000b9c                DMA1_Stream2_IRQHandler
                0x0000000008000b9c                UsageFault_Handler
                0x0000000008000b9c                DMA2_Stream2_IRQHandler
                0x0000000008000b9c                SPI1_IRQHandler
                0x0000000008000b9c                TIM1_BRK_TIM9_IRQHandler
                0x0000000008000b9c                DMA2_Stream3_IRQHandler
                0x0000000008000b9c                USART6_IRQHandler
                0x0000000008000b9c                DMA2_Stream0_IRQHandler
                0x0000000008000b9c                TIM4_IRQHandler
                0x0000000008000b9c                I2C1_EV_IRQHandler
                0x0000000008000b9c                DMA1_Stream6_IRQHandler
                0x0000000008000b9c                DMA1_Stream1_IRQHandler
                0x0000000008000b9c                TIM3_IRQHandler
                0x0000000008000b9c                RCC_IRQHandler
                0x0000000008000b9c                Default_Handler
                0x0000000008000b9c                EXTI15_10_IRQHandler
                0x0000000008000b9c                ADC_IRQHandler
                0x0000000008000b9c                DMA1_Stream7_IRQHandler
                0x0000000008000b9c                TIM5_IRQHandler
                0x0000000008000b9c                DMA2_Stream7_IRQHandler
                0x0000000008000b9c                I2C3_EV_IRQHandler
                0x0000000008000b9c                EXTI9_5_IRQHandler
                0x0000000008000b9c                SPI2_IRQHandler
                0x0000000008000b9c                MemManage_Handler
                0x0000000008000b9c                DMA1_Stream0_IRQHandler
                0x0000000008000b9c                SVC_Handler
                0x0000000008000b9c                EXTI4_IRQHandler
                0x0000000008000b9c                EXTI22_RTC_WKUP_IRQHandler
                0x0000000008000b9c                TIM2_IRQHandler
                0x0000000008000b9c                EXTI16_PVD_IRQHandler
                0x0000000008000b9c                TIM1_TRG_COM_TIM11_IRQHandler
                0x0000000008000b9c                EXTI1_IRQHandler
                0x0000000008000b9c                EXTI17_RTC_Alarm_IRQHandler
                0x0000000008000b9c                USART2_IRQHandler
                0x0000000008000b9c                I2C2_ER_IRQHandler
                0x0000000008000b9c                DMA2_Stream1_IRQHandler
                0x0000000008000b9c                FLASH_IRQHandler
                0x0000000008000b9c                DMA2_Stream4_IRQHandler
                0x0000000008000b9c                BusFault_Handler
                0x0000000008000b9c                USART1_IRQHandler
                0x0000000008000b9c                OTG_FS_IRQHandler
                0x0000000008000b9c                SPI3_IRQHandler
                0x0000000008000b9c                DMA1_Stream4_IRQHandler
                0x0000000008000b9c                I2C1_ER_IRQHandler
                0x0000000008000b9c                DMA2_Stream6_IRQHandler
                0x0000000008000b9c                DMA1_Stream3_IRQHandler
 *fill*         0x0000000008000b9e        0x2 
 .text.__libc_init_array
                0x0000000008000ba0       0x48 C:/ST/STM32CubeIDE_1.11.0/STM32CubeIDE/plugins/com.st.stm32cube.ide.mcu.externaltools.gnu-tools-for-stm32.11.3.rel1.win32_1.1.0.202305231506/tools/bin/../lib/gcc/arm-none-eabi/11.3.1/../../../../arm-none-eabi/lib/thumb/v7e-m+fp/hard\libc_nano.a(libc_a-init.o)
                0x0000000008000ba0                __libc_init_array
 *(.glue_7)
 .glue_7        0x0000000008000be8        0x0 linker stubs
 *(.glue_7t)
 .glue_7t       0x0000000008000be8        0x0 linker stubs
 *(.eh_frame)
 .eh_frame      0x0000000008000be8        0x0 C:/ST/STM32CubeIDE_1.11.0/STM32CubeIDE/plugins/com.st.stm32cube.ide.mcu.externaltools.gnu-tools-for-stm32.11.3.rel1.win32_1.1.0.202305231506/tools/bin/../lib/gcc/arm-none-eabi/11.3.1/thumb/v7e-m+fp/hard/crtbegin.o
 *(.init)
 .init          0x0000000008000be8        0x4 C:/ST/STM32CubeIDE_1.11.0/STM32CubeIDE/plugins/com.st.stm32cube.ide.mcu.externaltools.gnu-tools-for-stm32.11.3.rel1.win32_1.1.0.202305231506/tools/bin/../lib/gcc/arm-none-eabi/11.3.1/thumb/v7e-m+fp/hard/crti.o
                0x0000000008000be8                _init
 .init          0x0000000008000bec        0x8 C:/ST/STM32CubeIDE_1.11.0/STM32CubeIDE/plugins/com.st.stm32cube.ide.mcu.externaltools.gnu-tools-for-stm32.11.3.rel1.win32_1.1.0.202305231506/tools/bin/../lib/gcc/arm-none-eabi/11.3.1/thumb/v7e-m+fp/hard/crtn.o
 *(.fini)
 .fini          0x0000000008000bf4        0x4 C:/ST/STM32CubeIDE_1.11.0/STM32CubeIDE/plugins/com.st.stm32cube.ide.mcu.externaltools.gnu-tools-for-stm32.11.3.rel1.win32_1.1.0.202305231506/tools/bin/../lib/gcc/arm-none-eabi/11.3.1/thumb/v7e-m+fp/hard/crti.o
                0x0000000008000bf4                _fini
 .fini          0x0000000008000bf8        0x8 C:/ST/STM32CubeIDE_1.11.0/STM32CubeIDE/plugins/com.st.stm32cube.ide.mcu.externaltools.gnu-tools-for-stm32.11.3.rel1.win32_1.1.0.202305231506/tools/bin/../lib/gcc/arm-none-eabi/11.3.1/thumb/v7e-m+fp/hard/crtn.o
                0x0000000008000c00                . = ALIGN (0x4)
                0x0000000008000c00                _etext = .

.vfp11_veneer   0x0000000008000c00        0x0
 .vfp11_veneer  0x0000000008000c00        0x0 linker stubs

.v4_bx          0x0000000008000c00        0x0
 .v4_bx         0x0000000008000c00        0x0 linker stubs

.iplt           0x0000000008000c00        0x0
 .iplt          0x0000000008000c00        0x0 C:/ST/STM32CubeIDE_1.11.0/STM32CubeIDE/plugins/com.st.stm32cube.ide.mcu.externaltools.gnu-tools-for-stm32.11.3.rel1.win32_1.1.0.202305231506/tools/bin/../lib/gcc/arm-none-eabi/11.3.1/thumb/v7e-m+fp/hard/crtbegin.o

.rel.dyn        0x0000000008000c00        0x0
 .rel.iplt      0x0000000008000c00        0x0 C:/ST/STM32CubeIDE_1.11.0/STM32CubeIDE/plugins/com.st.stm32cube.ide.mcu.externaltools.gnu-tools-for-stm32.11.3.rel1.win32_1.1.0.202305231506/tools/bin/../lib/gcc/arm-none-eabi/11.3.1/thumb/v7e-m+fp/hard/crtbegin.o

.rodata         0x0000000008000c00        0x0
                0x0000000008000c00                . = ALIGN (0x4)
 *(.rodata)
 *(.rodata*)
                0x0000000008000c00                . = ALIGN (0x4)

.ARM.extab      0x0000000008000c00        0x0
                0x0000000008000c00                . = ALIGN (0x4)
 *(.ARM.extab* .gnu.linkonce.armextab.*)
                0x0000000008000c00                . = ALIGN (0x4)

.ARM            0x0000000008000c00        0x0
                0x0000000008000c00                . = ALIGN (0x4)
                0x0000000008000c00                __exidx_start = .
 *(.ARM.exidx*)
                0x0000000008000c00                __exidx_end = .
                0x0000000008000c00                . = ALIGN (0x4)

.preinit_array  0x0000000008000c00        0x0
                0x0000000008000c00                . = ALIGN (0x4)
                0x0000000008000c00                PROVIDE (__preinit_array_start = .)
 *(.preinit_array*)
                0x0000000008000c00                PROVIDE (__preinit_array_end = .)
                0x0000000008000c00                . = ALIGN (0x4)

.init_array     0x0000000008000c00        0x4
                0x0000000008000c00                . = ALIGN (0x4)
                0x0000000008000c00                PROVIDE (__init_array_start = .)
 *(SORT_BY_NAME(.init_array.*))
 *(.init_array*)
 .init_array    0x0000000008000c00        0x4 C:/ST/STM32CubeIDE_1.11.0/STM32CubeIDE/plugins/com.st.stm32cube.ide.mcu.externaltools.gnu-tools-for-stm32.11.3.rel1.win32_1.1.0.202305231506/tools/bin/../lib/gcc/arm-none-eabi/11.3.1/thumb/v7e-m+fp/hard/crtbegin.o
                0x0000000008000c04                PROVIDE (__init_array_end = .)
                0x0000000008000c04                . = ALIGN (0x4)

.fini_array     0x0000000008000c04        0x4
                0x0000000008000c04                . = ALIGN (0x4)
                [!provide]                        PROVIDE (__fini_array_start = .)
 *(SORT_BY_NAME(.fini_array.*))
 *(.fini_array*)
 .fini_array    0x0000000008000c04        0x4 C:/ST/STM32CubeIDE_1.11.0/STM32CubeIDE/plugins/com.st.stm32cube.ide.mcu.externaltools.gnu-tools-for-stm32.11.3.rel1.win32_1.1.0.202305231506/tools/bin/../lib/gcc/arm-none-eabi/11.3.1/thumb/v7e-m+fp/hard/crtbegin.o
                [!provide]                        PROVIDE (__fini_array_end = .)
                0x0000000008000c08                . = ALIGN (0x4)
                0x0000000008000c08                _sidata = LOADADDR (.data)

.data           0x0000000020000000       0x74 load address 0x0000000008000c08
                0x0000000020000000                . = ALIGN (0x4)
                0x0000000020000000                _sdata = .
 *(.data)
 *(.data*)
 .data.ledMatrix
                0x0000000020000000       0x12 ./Src/APPLICATION/app.o
                0x0000000020000000                ledMatrix
 *fill*         0x0000000020000012        0x2 
 .data.hello    0x0000000020000014       0x60 ./Src/APPLICATION/app.o
                0x0000000020000014                hello
 *(.RamFunc)
 *(.RamFunc*)
                0x0000000020000074                . = ALIGN (0x4)
                0x0000000020000074                _edata = .

.igot.plt       0x0000000020000074        0x0 load address 0x0000000008000c7c
 .igot.plt      0x0000000020000074        0x0 C:/ST/STM32CubeIDE_1.11.0/STM32CubeIDE/plugins/com.st.stm32cube.ide.mcu.externaltools.gnu-tools-for-stm32.11.3.rel1.win32_1.1.0.202305231506/tools/bin/../lib/gcc/arm-none-eabi/11.3.1/thumb/v7e-m+fp/hard/crtbegin.o
                0x0000000020000074                . = ALIGN (0x4)

.bss            0x0000000020000074       0x24 load address 0x0000000008000c7c
                0x0000000020000074                _sbss = .
                0x0000000020000074                __bss_start__ = _sbss
 *(.bss)
 .bss           0x0000000020000074       0x1c C:/ST/STM32CubeIDE_1.11.0/STM32CubeIDE/plugins/com.st.stm32cube.ide.mcu.externaltools.gnu-tools-for-stm32.11.3.rel1.win32_1.1.0.202305231506/tools/bin/../lib/gcc/arm-none-eabi/11.3.1/thumb/v7e-m+fp/hard/crtbegin.o
 *(.bss*)
 .bss.pfForStkCallBack
                0x0000000020000090        0x4 ./Src/MCAL/systick/systick_prog.o
 .bss.g_u8intervalMode
                0x0000000020000094        0x1 ./Src/MCAL/systick/systick_prog.o
 *(COMMON)
                0x0000000020000098                . = ALIGN (0x4)
 *fill*         0x0000000020000095        0x3 
                0x0000000020000098                _ebss = .
                0x0000000020000098                __bss_end__ = _ebss

._user_heap_stack
                0x0000000020000098      0x600 load address 0x0000000008000c7c
                0x0000000020000098                . = ALIGN (0x8)
                [!provide]                        PROVIDE (end = .)
                0x0000000020000098                PROVIDE (_end = .)
                0x0000000020000298                . = (. + _Min_Heap_Size)
 *fill*         0x0000000020000098      0x200 
                0x0000000020000698                . = (. + _Min_Stack_Size)
 *fill*         0x0000000020000298      0x400 
                0x0000000020000698                . = ALIGN (0x8)

/DISCARD/
 libc.a(*)
 libm.a(*)
 libgcc.a(*)

.ARM.attributes
                0x0000000000000000       0x30
 *(.ARM.attributes)
 .ARM.attributes
                0x0000000000000000       0x1e C:/ST/STM32CubeIDE_1.11.0/STM32CubeIDE/plugins/com.st.stm32cube.ide.mcu.externaltools.gnu-tools-for-stm32.11.3.rel1.win32_1.1.0.202305231506/tools/bin/../lib/gcc/arm-none-eabi/11.3.1/thumb/v7e-m+fp/hard/crti.o
 .ARM.attributes
                0x000000000000001e       0x34 C:/ST/STM32CubeIDE_1.11.0/STM32CubeIDE/plugins/com.st.stm32cube.ide.mcu.externaltools.gnu-tools-for-stm32.11.3.rel1.win32_1.1.0.202305231506/tools/bin/../lib/gcc/arm-none-eabi/11.3.1/thumb/v7e-m+fp/hard/crtbegin.o
 .ARM.attributes
                0x0000000000000052       0x34 ./Src/APPLICATION/app.o
 .ARM.attributes
                0x0000000000000086       0x34 ./Src/HAL/ledMatrix/ledMatrix_prog.o
 .ARM.attributes
                0x00000000000000ba       0x34 ./Src/MCAL/gpio/gpio_prog.o
 .ARM.attributes
                0x00000000000000ee       0x34 ./Src/MCAL/rcc/rcc_prog.o
 .ARM.attributes
                0x0000000000000122       0x34 ./Src/MCAL/systick/systick_prog.o
 .ARM.attributes
                0x0000000000000156       0x34 ./Src/main.o
 .ARM.attributes
                0x000000000000018a       0x21 ./Startup/startup_stm32f401ccux.o
 .ARM.attributes
                0x00000000000001ab       0x34 C:/ST/STM32CubeIDE_1.11.0/STM32CubeIDE/plugins/com.st.stm32cube.ide.mcu.externaltools.gnu-tools-for-stm32.11.3.rel1.win32_1.1.0.202305231506/tools/bin/../lib/gcc/arm-none-eabi/11.3.1/../../../../arm-none-eabi/lib/thumb/v7e-m+fp/hard\libc_nano.a(libc_a-init.o)
 .ARM.attributes
                0x00000000000001df       0x1e C:/ST/STM32CubeIDE_1.11.0/STM32CubeIDE/plugins/com.st.stm32cube.ide.mcu.externaltools.gnu-tools-for-stm32.11.3.rel1.win32_1.1.0.202305231506/tools/bin/../lib/gcc/arm-none-eabi/11.3.1/thumb/v7e-m+fp/hard/crtn.o
OUTPUT(01_String_On_LedMatrix.elf elf32-littlearm)
LOAD linker stubs
LOAD C:/ST/STM32CubeIDE_1.11.0/STM32CubeIDE/plugins/com.st.stm32cube.ide.mcu.externaltools.gnu-tools-for-stm32.11.3.rel1.win32_1.1.0.202305231506/tools/bin/../lib/gcc/arm-none-eabi/11.3.1/../../../../arm-none-eabi/lib/thumb/v7e-m+fp/hard\libc.a
LOAD C:/ST/STM32CubeIDE_1.11.0/STM32CubeIDE/plugins/com.st.stm32cube.ide.mcu.externaltools.gnu-tools-for-stm32.11.3.rel1.win32_1.1.0.202305231506/tools/bin/../lib/gcc/arm-none-eabi/11.3.1/../../../../arm-none-eabi/lib/thumb/v7e-m+fp/hard\libm.a
LOAD C:/ST/STM32CubeIDE_1.11.0/STM32CubeIDE/plugins/com.st.stm32cube.ide.mcu.externaltools.gnu-tools-for-stm32.11.3.rel1.win32_1.1.0.202305231506/tools/bin/../lib/gcc/arm-none-eabi/11.3.1/thumb/v7e-m+fp/hard\libgcc.a

.comment        0x0000000000000000       0x43
 .comment       0x0000000000000000       0x43 C:/ST/STM32CubeIDE_1.11.0/STM32CubeIDE/plugins/com.st.stm32cube.ide.mcu.externaltools.gnu-tools-for-stm32.11.3.rel1.win32_1.1.0.202305231506/tools/bin/../lib/gcc/arm-none-eabi/11.3.1/thumb/v7e-m+fp/hard/crtbegin.o
                                         0x44 (size before relaxing)
 .comment       0x0000000000000043       0x44 ./Src/APPLICATION/app.o
 .comment       0x0000000000000043       0x44 ./Src/HAL/ledMatrix/ledMatrix_prog.o
 .comment       0x0000000000000043       0x44 ./Src/MCAL/gpio/gpio_prog.o
 .comment       0x0000000000000043       0x44 ./Src/MCAL/rcc/rcc_prog.o
 .comment       0x0000000000000043       0x44 ./Src/MCAL/systick/systick_prog.o
 .comment       0x0000000000000043       0x44 ./Src/main.o

.debug_info     0x0000000000000000     0x15cd
 .debug_info    0x0000000000000000      0x3ce ./Src/APPLICATION/app.o
 .debug_info    0x00000000000003ce      0x40d ./Src/HAL/ledMatrix/ledMatrix_prog.o
 .debug_info    0x00000000000007db      0x56b ./Src/MCAL/gpio/gpio_prog.o
 .debug_info    0x0000000000000d46      0x4b5 ./Src/MCAL/rcc/rcc_prog.o
 .debug_info    0x00000000000011fb      0x320 ./Src/MCAL/systick/systick_prog.o
 .debug_info    0x000000000000151b       0x8f ./Src/main.o
 .debug_info    0x00000000000015aa       0x23 ./Startup/startup_stm32f401ccux.o

.debug_abbrev   0x0000000000000000      0x5ce
 .debug_abbrev  0x0000000000000000      0x12a ./Src/APPLICATION/app.o
 .debug_abbrev  0x000000000000012a      0x117 ./Src/HAL/ledMatrix/ledMatrix_prog.o
 .debug_abbrev  0x0000000000000241      0x125 ./Src/MCAL/gpio/gpio_prog.o
 .debug_abbrev  0x0000000000000366       0xd8 ./Src/MCAL/rcc/rcc_prog.o
 .debug_abbrev  0x000000000000043e      0x12f ./Src/MCAL/systick/systick_prog.o
 .debug_abbrev  0x000000000000056d       0x4f ./Src/main.o
 .debug_abbrev  0x00000000000005bc       0x12 ./Startup/startup_stm32f401ccux.o

.debug_aranges  0x0000000000000000      0x178
 .debug_aranges
                0x0000000000000000       0x28 ./Src/APPLICATION/app.o
 .debug_aranges
                0x0000000000000028       0x28 ./Src/HAL/ledMatrix/ledMatrix_prog.o
 .debug_aranges
                0x0000000000000050       0x58 ./Src/MCAL/gpio/gpio_prog.o
 .debug_aranges
                0x00000000000000a8       0x30 ./Src/MCAL/rcc/rcc_prog.o
 .debug_aranges
                0x00000000000000d8       0x58 ./Src/MCAL/systick/systick_prog.o
 .debug_aranges
                0x0000000000000130       0x20 ./Src/main.o
 .debug_aranges
                0x0000000000000150       0x28 ./Startup/startup_stm32f401ccux.o

.debug_rnglists
                0x0000000000000000      0x10f
 .debug_rnglists
                0x0000000000000000       0x19 ./Src/APPLICATION/app.o
 .debug_rnglists
                0x0000000000000019       0x1a ./Src/HAL/ledMatrix/ledMatrix_prog.o
 .debug_rnglists
                0x0000000000000033       0x45 ./Src/MCAL/gpio/gpio_prog.o
 .debug_rnglists
                0x0000000000000078       0x21 ./Src/MCAL/rcc/rcc_prog.o
 .debug_rnglists
                0x0000000000000099       0x4a ./Src/MCAL/systick/systick_prog.o
 .debug_rnglists
                0x00000000000000e3       0x13 ./Src/main.o
 .debug_rnglists
                0x00000000000000f6       0x19 ./Startup/startup_stm32f401ccux.o

.debug_macro    0x0000000000000000      0xf3a
 .debug_macro   0x0000000000000000       0xb1 ./Src/APPLICATION/app.o
 .debug_macro   0x00000000000000b1      0xaae ./Src/APPLICATION/app.o
 .debug_macro   0x0000000000000b5f       0x22 ./Src/APPLICATION/app.o
 .debug_macro   0x0000000000000b81       0x22 ./Src/APPLICATION/app.o
 .debug_macro   0x0000000000000ba3       0xb2 ./Src/APPLICATION/app.o
 .debug_macro   0x0000000000000c55       0x40 ./Src/APPLICATION/app.o
 .debug_macro   0x0000000000000c95       0x2e ./Src/APPLICATION/app.o
 .debug_macro   0x0000000000000cc3       0x22 ./Src/APPLICATION/app.o
 .debug_macro   0x0000000000000ce5       0x52 ./Src/APPLICATION/app.o
 .debug_macro   0x0000000000000d37       0x16 ./Src/APPLICATION/app.o
 .debug_macro   0x0000000000000d4d       0x7f ./Src/HAL/ledMatrix/ledMatrix_prog.o
 .debug_macro   0x0000000000000dcc       0x3f ./Src/MCAL/gpio/gpio_prog.o
 .debug_macro   0x0000000000000e0b       0x3f ./Src/MCAL/rcc/rcc_prog.o
 .debug_macro   0x0000000000000e4a       0x3f ./Src/MCAL/systick/systick_prog.o
 .debug_macro   0x0000000000000e89       0xb1 ./Src/main.o

.debug_line     0x0000000000000000     0x17ab
 .debug_line    0x0000000000000000      0x499 ./Src/APPLICATION/app.o
 .debug_line    0x0000000000000499      0x422 ./Src/HAL/ledMatrix/ledMatrix_prog.o
 .debug_line    0x00000000000008bb      0x63a ./Src/MCAL/gpio/gpio_prog.o
 .debug_line    0x0000000000000ef5      0x1b9 ./Src/MCAL/rcc/rcc_prog.o
 .debug_line    0x00000000000010ae      0x2d6 ./Src/MCAL/systick/systick_prog.o
 .debug_line    0x0000000000001384      0x3ac ./Src/main.o
 .debug_line    0x0000000000001730       0x7b ./Startup/startup_stm32f401ccux.o

.debug_str      0x0000000000000000     0x4901
 .debug_str     0x0000000000000000     0x3d20 ./Src/APPLICATION/app.o
                                       0x3d86 (size before relaxing)
 .debug_str     0x0000000000003d20      0x2b5 ./Src/HAL/ledMatrix/ledMatrix_prog.o
                                       0x3953 (size before relaxing)
 .debug_str     0x0000000000003fd5      0x24d ./Src/MCAL/gpio/gpio_prog.o
                                       0x3876 (size before relaxing)
 .debug_str     0x0000000000004222      0x46c ./Src/MCAL/rcc/rcc_prog.o
                                       0x3b04 (size before relaxing)
 .debug_str     0x000000000000468e      0x231 ./Src/MCAL/systick/systick_prog.o
                                       0x3380 (size before relaxing)
 .debug_str     0x00000000000048bf       0x13 ./Src/main.o
                                       0x3843 (size before relaxing)
 .debug_str     0x00000000000048d2       0x2f ./Startup/startup_stm32f401ccux.o
                                         0x8c (size before relaxing)

.debug_frame    0x0000000000000000      0x420
 .debug_frame   0x0000000000000000       0x4c ./Src/APPLICATION/app.o
 .debug_frame   0x000000000000004c       0x58 ./Src/HAL/ledMatrix/ledMatrix_prog.o
 .debug_frame   0x00000000000000a4      0x150 ./Src/MCAL/gpio/gpio_prog.o
 .debug_frame   0x00000000000001f4       0x88 ./Src/MCAL/rcc/rcc_prog.o
 .debug_frame   0x000000000000027c      0x14c ./Src/MCAL/systick/systick_prog.o
 .debug_frame   0x00000000000003c8       0x2c ./Src/main.o
 .debug_frame   0x00000000000003f4       0x2c C:/ST/STM32CubeIDE_1.11.0/STM32CubeIDE/plugins/com.st.stm32cube.ide.mcu.externaltools.gnu-tools-for-stm32.11.3.rel1.win32_1.1.0.202305231506/tools/bin/../lib/gcc/arm-none-eabi/11.3.1/../../../../arm-none-eabi/lib/thumb/v7e-m+fp/hard\libc_nano.a(libc_a-init.o)

.debug_line_str
                0x0000000000000000       0x80
 .debug_line_str
                0x0000000000000000       0x80 ./Startup/startup_stm32f401ccux.o
                                         0x98 (size before relaxing)
